---
source: crates/assura-parser/tests/snapshots.rs
assertion_line: 132
expression: "&ast"
---
Some(
    SourceFile {
        project: None,
        module: None,
        imports: [],
        decls: [
            Spanned {
                node: Contract(
                    ContractDecl {
                        name: "HasBadTokens",
                        type_params: [],
                        clauses: [
                            Clause {
                                kind: Input,
                                body: Raw(
                                    [
                                        "x",
                                        ":",
                                        "Int",
                                    ],
                                ),
                            },
                            Clause {
                                kind: Requires,
                                body: BinOp {
                                    lhs: Ident(
                                        "x",
                                    ),
                                    op: Gt,
                                    rhs: Literal(
                                        Int(
                                            "0",
                                        ),
                                    ),
                                },
                            },
                            Clause {
                                kind: Ensures,
                                body: BinOp {
                                    lhs: Ident(
                                        "result",
                                    ),
                                    op: Eq,
                                    rhs: Ident(
                                        "x",
                                    ),
                                },
                            },
                            Clause {
                                kind: Effects,
                                body: Raw(
                                    [
                                        "pure",
                                    ],
                                ),
                            },
                        ],
                    },
                ),
                span: 0..79,
            },
        ],
    },
)
