---
source: crates/assura-parser/tests/snapshots.rs
expression: "&error_messages"
---
[
    "found \"'{'\" but expected one of \"'ghost'\", \"Errors\", \"Interface\", end of input, \"'pure'\", \"Axiom\", \"'contract'\", \"'requires'\", \"ConstantTime\", \"'='\", \"Impl\", \"'output'\", \"Decreases\", \"':'\", \"'ensures'\", \"'invariant'\", \"MustNot\", \"Bounds\", \"'fn'\", \"'<'\", \"'extern'\", \"DataFlow\", \"'type'\", \"'input'\", \"'lemma'\", \"'opaque'\", \"Extends\", \"'modifies'\", \"'enum'\", \"'service'\", \"Spec\", \"VerifyAgainst\", \"Rule\", \"MustBe\", \"Property\", \"Define\", \"'effects'\", \"Reads\", \"'#'\"",
]
