---
source: crates/assura-parser/tests/snapshots.rs
assertion_line: 86
expression: ast
---
SourceFile {
    project: None,
    module: None,
    imports: [],
    decls: [
        Spanned {
            node: Contract(
                ContractDecl {
                    name: "MatchDemo",
                    type_params: [],
                    clauses: [
                        Clause {
                            kind: Requires,
                            body: Spanned {
                                node: Literal(
                                    Bool(
                                        true,
                                    ),
                                ),
                                span: 189..193,
                            },
                            effect_variables: [],
                        },
                    ],
                    fn_params: [],
                },
            ),
            span: 0..197,
        },
        Spanned {
            node: FnDef(
                FnDef {
                    name: "classify",
                    is_ghost: false,
                    is_lemma: false,
                    params: [
                        Param {
                            name: "x",
                            ty: Some(
                                Named(
                                    "Int",
                                ),
                            ),
                        },
                    ],
                    return_ty: Some(
                        Named(
                            "Int",
                        ),
                    ),
                    clauses: [
                        Clause {
                            kind: Ensures,
                            body: Spanned {
                                node: BinOp {
                                    lhs: Spanned {
                                        node: Ident(
                                            "result",
                                        ),
                                        span: 238..244,
                                    },
                                    op: Gte,
                                    rhs: Spanned {
                                        node: Literal(
                                            Int(
                                                "0",
                                            ),
                                        ),
                                        span: 247..249,
                                    },
                                },
                                span: 238..249,
                            },
                            effect_variables: [],
                        },
                    ],
                },
            ),
            span: 197..310,
        },
        Spanned {
            node: FnDef(
                FnDef {
                    name: "with_let",
                    is_ghost: false,
                    is_lemma: false,
                    params: [
                        Param {
                            name: "x",
                            ty: Some(
                                Named(
                                    "Int",
                                ),
                            ),
                        },
                    ],
                    return_ty: Some(
                        Named(
                            "Int",
                        ),
                    ),
                    clauses: [
                        Clause {
                            kind: Ensures,
                            body: Spanned {
                                node: BinOp {
                                    lhs: Spanned {
                                        node: Ident(
                                            "result",
                                        ),
                                        span: 351..357,
                                    },
                                    op: Gt,
                                    rhs: Spanned {
                                        node: Ident(
                                            "x",
                                        ),
                                        span: 359..361,
                                    },
                                },
                                span: 351..361,
                            },
                            effect_variables: [],
                        },
                    ],
                },
            ),
            span: 310..388,
        },
    ],
}
