---
source: crates/assura-parser/tests/snapshots.rs
assertion_line: 84
expression: ast
---
SourceFile {
    project: None,
    module: None,
    imports: [],
    decls: [
        Spanned {
            node: Contract(
                ContractDecl {
                    name: "MatchDemo",
                    type_params: [],
                    clauses: [
                        Clause {
                            kind: Requires,
                            body: Literal(
                                Bool(
                                    true,
                                ),
                            ),
                        },
                    ],
                },
            ),
            span: 0..33,
        },
        Spanned {
            node: FnDef(
                FnDef {
                    name: "classify",
                    is_ghost: false,
                    is_lemma: false,
                    params: [
                        Param {
                            name: "x",
                            ty: [
                                "Int",
                            ],
                            parsed_type: Some(
                                Named(
                                    "Int",
                                ),
                            ),
                        },
                    ],
                    return_ty: [
                        "Int",
                    ],
                    return_type_expr: Some(
                        Named(
                            "Int",
                        ),
                    ),
                    clauses: [
                        Clause {
                            kind: Ensures,
                            body: BinOp {
                                lhs: Ident(
                                    "result",
                                ),
                                op: Gte,
                                rhs: Literal(
                                    Int(
                                        "0",
                                    ),
                                ),
                            },
                        },
                    ],
                },
            ),
            span: 33..99,
        },
        Spanned {
            node: FnDef(
                FnDef {
                    name: "with_let",
                    is_ghost: false,
                    is_lemma: false,
                    params: [
                        Param {
                            name: "x",
                            ty: [
                                "Int",
                            ],
                            parsed_type: Some(
                                Named(
                                    "Int",
                                ),
                            ),
                        },
                    ],
                    return_ty: [
                        "Int",
                    ],
                    return_type_expr: Some(
                        Named(
                            "Int",
                        ),
                    ),
                    clauses: [
                        Clause {
                            kind: Ensures,
                            body: BinOp {
                                lhs: Ident(
                                    "result",
                                ),
                                op: Gt,
                                rhs: Ident(
                                    "x",
                                ),
                            },
                        },
                    ],
                },
            ),
            span: 99..151,
        },
    ],
}
