---
source: crates/assura-parser/tests/snapshots.rs
expression: ast
---
SourceFile {
    project: None,
    module: None,
    imports: [],
    decls: [
        Spanned {
            node: Contract(
                ContractDecl {
                    name: "AllClauses",
                    type_params: [],
                    clauses: [
                        Clause {
                            kind: Input,
                            body: Spanned {
                                node: Raw(
                                    [
                                        "buf",
                                        ":",
                                        "Bytes",
                                        ",",
                                        "n",
                                        ":",
                                        "Nat",
                                    ],
                                ),
                                span: 19..41,
                            },
                            effect_variables: [],
                        },
                        Clause {
                            kind: Output,
                            body: Spanned {
                                node: Raw(
                                    [
                                        "result",
                                        ":",
                                        "Bool",
                                    ],
                                ),
                                span: 41..60,
                            },
                            effect_variables: [],
                        },
                        Clause {
                            kind: Requires,
                            body: Spanned {
                                node: BinOp {
                                    lhs: Spanned {
                                        node: Ident(
                                            "n",
                                        ),
                                        span: 69..70,
                                    },
                                    op: Gt,
                                    rhs: Spanned {
                                        node: Literal(
                                            Int(
                                                "0",
                                            ),
                                        ),
                                        span: 71..72,
                                    },
                                },
                                span: 69..72,
                            },
                            effect_variables: [],
                        },
                        Clause {
                            kind: Ensures,
                            body: Spanned {
                                node: BinOp {
                                    lhs: Spanned {
                                        node: Ident(
                                            "result",
                                        ),
                                        span: 81..87,
                                    },
                                    op: Eq,
                                    rhs: Spanned {
                                        node: Literal(
                                            Bool(
                                                true,
                                            ),
                                        ),
                                        span: 89..93,
                                    },
                                },
                                span: 81..93,
                            },
                            effect_variables: [],
                        },
                        Clause {
                            kind: Effects,
                            body: Spanned {
                                node: Ident(
                                    "pure",
                                ),
                                span: 94..107,
                            },
                            effect_variables: [],
                        },
                        Clause {
                            kind: Invariant,
                            body: Spanned {
                                node: BinOp {
                                    lhs: Spanned {
                                        node: Ident(
                                            "n",
                                        ),
                                        span: 117..118,
                                    },
                                    op: Gte,
                                    rhs: Spanned {
                                        node: Literal(
                                            Int(
                                                "0",
                                            ),
                                        ),
                                        span: 120..121,
                                    },
                                },
                                span: 117..121,
                            },
                            effect_variables: [],
                        },
                        Clause {
                            kind: Modifies,
                            body: Spanned {
                                node: Ident(
                                    "buf",
                                ),
                                span: 122..135,
                            },
                            effect_variables: [],
                        },
                        Clause {
                            kind: Rule,
                            body: Spanned {
                                node: BinOp {
                                    lhs: Spanned {
                                        node: Ident(
                                            "n",
                                        ),
                                        span: 140..141,
                                    },
                                    op: Lte,
                                    rhs: Spanned {
                                        node: MethodCall {
                                            receiver: Spanned {
                                                node: Ident(
                                                    "buf",
                                                ),
                                                span: 143..146,
                                            },
                                            method: "length",
                                            args: [],
                                        },
                                        span: 143..155,
                                    },
                                },
                                span: 140..155,
                            },
                            effect_variables: [],
                        },
                        Clause {
                            kind: DataFlow,
                            body: Spanned {
                                node: Raw(
                                    [
                                        "buf",
                                        "->",
                                        "result",
                                    ],
                                ),
                                span: 156..178,
                            },
                            effect_variables: [],
                        },
                        Clause {
                            kind: MustNot,
                            body: Spanned {
                                node: Ident(
                                    "overflow",
                                ),
                                span: 187..195,
                            },
                            effect_variables: [],
                        },
                    ],
                    fn_params: [],
                },
            ),
            span: 0..197,
        },
    ],
}
