---
source: crates/assura-parser/tests/snapshots.rs
assertion_line: 52
expression: ast
---
SourceFile {
    project: None,
    module: None,
    imports: [],
    decls: [
        Spanned {
            node: Service(
                ServiceDecl {
                    name: "OrderService",
                    items: [
                        Other {
                            kind: "Order",
                            body: Spanned {
                                node: Raw(
                                    [
                                        "id",
                                        ":",
                                        "Nat",
                                        ";",
                                        "amount",
                                        ":",
                                        "Int",
                                        ";",
                                        "status",
                                        ":",
                                        "String",
                                        ";",
                                    ],
                                ),
                                span: 103..164,
                            },
                        },
                        EnumDef(
                            EnumDef {
                                name: "OrderStatus",
                                type_params: [],
                                variants: [
                                    EnumVariant {
                                        name: "Pending",
                                        fields: [],
                                    },
                                    EnumVariant {
                                        name: "Confirmed",
                                        fields: [],
                                    },
                                    EnumVariant {
                                        name: "Shipped",
                                        fields: [],
                                    },
                                    EnumVariant {
                                        name: "Delivered",
                                        fields: [],
                                    },
                                    EnumVariant {
                                        name: "Cancelled",
                                        fields: [],
                                    },
                                ],
                            },
                        ),
                        Other {
                            kind: "\n\n  ",
                            body: Spanned {
                                node: Raw(
                                    [
                                        "Pending",
                                        "->",
                                        "Confirmed",
                                        "->",
                                        "Shipped",
                                        "->",
                                        "Delivered",
                                    ],
                                ),
                                span: 260..316,
                            },
                        },
                        Other {
                            kind: "\n\n  ",
                            body: Spanned {
                                node: BinOp {
                                    lhs: Spanned {
                                        node: Ident(
                                            "amount",
                                        ),
                                        span: 406..412,
                                    },
                                    op: Gt,
                                    rhs: Spanned {
                                        node: Literal(
                                            Int(
                                                "0",
                                            ),
                                        ),
                                        span: 414..416,
                                    },
                                },
                                span: 406..416,
                            },
                        },
                        Other {
                            kind: "\n\n  ",
                            body: Spanned {
                                node: BinOp {
                                    lhs: Spanned {
                                        node: Ident(
                                            "id",
                                        ),
                                        span: 579..581,
                                    },
                                    op: Gt,
                                    rhs: Spanned {
                                        node: Literal(
                                            Int(
                                                "0",
                                            ),
                                        ),
                                        span: 583..585,
                                    },
                                },
                                span: 579..585,
                            },
                        },
                        Other {
                            kind: "\n\n  ",
                            body: Spanned {
                                node: BinOp {
                                    lhs: Spanned {
                                        node: Ident(
                                            "id",
                                        ),
                                        span: 697..699,
                                    },
                                    op: Gt,
                                    rhs: Spanned {
                                        node: Literal(
                                            Int(
                                                "0",
                                            ),
                                        ),
                                        span: 701..703,
                                    },
                                },
                                span: 697..703,
                            },
                        },
                        Other {
                            kind: "\n\n  ",
                            body: Spanned {
                                node: Raw(
                                    [
                                        "forall",
                                        "o",
                                        "in",
                                        "orders",
                                        ":",
                                        "o",
                                        ".",
                                        "amount",
                                        ">",
                                        "0",
                                    ],
                                ),
                                span: 734..784,
                            },
                        },
                    ],
                },
            ),
            span: 0..786,
        },
    ],
}
