---
source: crates/assura-parser/tests/snapshots.rs
expression: ast
---
SourceFile {
    project: Some(
        ProjectDecl {
            name: "mbedtls_contracts",
            profile: [
                "core",
                "mem",
                "sec",
                "num",
                "plat",
            ],
        },
    ),
    module: Some(
        ModuleDecl {
            path: [
                "tls",
                "ecdh",
            ],
        },
    ),
    imports: [],
    decls: [
        Spanned {
            node: Block {
                kind: Feature,
                name: "ecdsa",
                value: Some(
                    [
                        "=",
                        "enabled",
                    ],
                ),
                body: [
                    Clause {
                        kind: Other(
                            "feature",
                        ),
                        body: Spanned {
                            node: Raw(
                                [
                                    "x509",
                                    "=",
                                    "enabled",
                                ],
                            ),
                            span: 2068..2091,
                        },
                        effect_variables: [],
                    },
                    Clause {
                        kind: Requires,
                        body: Spanned {
                            node: Ident(
                                "ecdsa",
                            ),
                            span: 2101..2107,
                        },
                        effect_variables: [],
                    },
                    Clause {
                        kind: Other(
                            "feature",
                        ),
                        body: Spanned {
                            node: Raw(
                                [
                                    "ecdh",
                                    "=",
                                    "enabled",
                                ],
                            ),
                            span: 2107..2241,
                        },
                        effect_variables: [],
                    },
                    Clause {
                        kind: Other(
                            "feature",
                        ),
                        body: Spanned {
                            node: Raw(
                                [
                                    "rsa",
                                    "=",
                                    "enabled",
                                ],
                            ),
                            span: 2241..2263,
                        },
                        effect_variables: [],
                    },
                ],
            },
            span: 1601..2263,
        },
        Spanned {
            node: Block {
                kind: FeatureMax,
                name: "MAX_CONTENT_LEN",
                value: Some(
                    [
                        ":",
                        "Nat",
                        "=",
                        "16384",
                    ],
                ),
                body: [],
            },
            span: 2263..2363,
        },
        Spanned {
            node: Block {
                kind: FeatureMax,
                name: "MAX_HANDSHAKE_LEN",
                value: Some(
                    [
                        ":",
                        "Nat",
                        "=",
                        "65535",
                    ],
                ),
                body: [],
            },
            span: 2363..2406,
        },
        Spanned {
            node: Block {
                kind: FeatureMax,
                name: "MAX_EC_POINT_SIZE",
                value: Some(
                    [
                        ":",
                        "Nat",
                        "=",
                        "256",
                    ],
                ),
                body: [],
            },
            span: 2406..2738,
        },
        Spanned {
            node: FnDef(
                FnDef {
                    name: "read_from_wire",
                    is_ghost: false,
                    is_lemma: false,
                    params: [
                        Param {
                            name: "conn",
                            ty: Some(
                                Named(
                                    "&mut TlsConnection",
                                ),
                            ),
                        },
                        Param {
                            name: "max",
                            ty: Some(
                                Named(
                                    "Nat",
                                ),
                            ),
                        },
                    ],
                    return_ty: Some(
                        Named(
                            "Bytes",
                        ),
                    ),
                    clauses: [
                        Clause {
                            kind: Effects,
                            body: Spanned {
                                node: Raw(
                                    [
                                        "io",
                                        ".",
                                        "read",
                                    ],
                                ),
                                span: 3365..3382,
                            },
                            effect_variables: [],
                        },
                    ],
                },
            ),
            span: 2738..3382,
        },
        Spanned {
            node: FnDef(
                FnDef {
                    name: "read_u16_from_wire",
                    is_ghost: false,
                    is_lemma: false,
                    params: [
                        Param {
                            name: "conn",
                            ty: Some(
                                Named(
                                    "&mut TlsConnection",
                                ),
                            ),
                        },
                    ],
                    return_ty: Some(
                        Named(
                            "U16",
                        ),
                    ),
                    clauses: [
                        Clause {
                            kind: Effects,
                            body: Spanned {
                                node: Raw(
                                    [
                                        "io",
                                        ".",
                                        "read",
                                    ],
                                ),
                                span: 3455..3472,
                            },
                            effect_variables: [],
                        },
                    ],
                },
            ),
            span: 3382..3472,
        },
        Spanned {
            node: FnDef(
                FnDef {
                    name: "read_u24_from_wire",
                    is_ghost: false,
                    is_lemma: false,
                    params: [
                        Param {
                            name: "conn",
                            ty: Some(
                                Named(
                                    "&mut TlsConnection",
                                ),
                            ),
                        },
                    ],
                    return_ty: Some(
                        Named(
                            "U32",
                        ),
                    ),
                    clauses: [
                        Clause {
                            kind: Effects,
                            body: Spanned {
                                node: Raw(
                                    [
                                        "io",
                                        ".",
                                        "read",
                                    ],
                                ),
                                span: 3545..3562,
                            },
                            effect_variables: [],
                        },
                    ],
                },
            ),
            span: 3472..3562,
        },
        Spanned {
            node: TypeDef(
                TypeDef {
                    name: "ValidPeerKey",
                    type_params: [],
                    body: Struct(
                        [
                            FieldDef {
                                name: "data",
                                ty: Some(
                                    Named(
                                        "Bytes",
                                    ),
                                ),
                                is_pub: false,
                            },
                            FieldDef {
                                name: "length",
                                ty: Some(
                                    Refined {
                                        base: Named(
                                            "Nat",
                                        ),
                                        predicate: "v <= MAX_EC_POINT_SIZE",
                                    },
                                ),
                                is_pub: false,
                            },
                            FieldDef {
                                name: "curve_id",
                                ty: Some(
                                    Named(
                                        "CurveId",
                                    ),
                                ),
                                is_pub: false,
                            },
                        ],
                    ),
                },
            ),
            span: 3562..3757,
        },
        Spanned {
            node: FnDef(
                FnDef {
                    name: "validate_peer_key",
                    is_ghost: false,
                    is_lemma: false,
                    params: [
                        Param {
                            name: "raw_data",
                            ty: Some(
                                Named(
                                    "Bytes",
                                ),
                            ),
                        },
                        Param {
                            name: "raw_length",
                            ty: Some(
                                Named(
                                    "U16",
                                ),
                            ),
                        },
                        Param {
                            name: "expected_curve",
                            ty: Some(
                                Named(
                                    "CurveId",
                                ),
                            ),
                        },
                    ],
                    return_ty: Some(
                        Named(
                            "ValidPeerKey",
                        ),
                    ),
                    clauses: [
                        Clause {
                            kind: Effects,
                            body: Spanned {
                                node: Ident(
                                    "pure",
                                ),
                                span: 3924..3938,
                            },
                            effect_variables: [],
                        },
                    ],
                },
            ),
            span: 3757..4706,
        },
        Spanned {
            node: TypeDef(
                TypeDef {
                    name: "EcdhContext",
                    type_params: [],
                    body: Struct(
                        [
                            FieldDef {
                                name: "peer_point",
                                ty: Some(
                                    Generic(
                                        "Region",
                                        [
                                            Named(
                                                "MAX_EC_POINT_SIZE",
                                            ),
                                        ],
                                    ),
                                ),
                                is_pub: false,
                            },
                            FieldDef {
                                name: "our_keypair",
                                ty: Some(
                                    Named(
                                        "EcKeyPair",
                                    ),
                                ),
                                is_pub: false,
                            },
                            FieldDef {
                                name: "shared_secret",
                                ty: Some(
                                    Generic(
                                        "Region",
                                        [
                                            Named(
                                                "MAX_EC_POINT_SIZE",
                                            ),
                                        ],
                                    ),
                                ),
                                is_pub: false,
                            },
                            FieldDef {
                                name: "curve",
                                ty: Some(
                                    Named(
                                        "CurveId",
                                    ),
                                ),
                                is_pub: false,
                            },
                        ],
                    ),
                },
            ),
            span: 4706..5392,
        },
        Spanned {
            node: FnDef(
                FnDef {
                    name: "parse_x509_length",
                    is_ghost: false,
                    is_lemma: false,
                    params: [
                        Param {
                            name: "raw_len",
                            ty: Some(
                                Named(
                                    "U32",
                                ),
                            ),
                        },
                    ],
                    return_ty: Some(
                        Refined {
                            base: Named(
                                "Nat",
                            ),
                            predicate: "v <= MAX_HANDSHAKE_LEN",
                        },
                    ),
                    clauses: [
                        Clause {
                            kind: Effects,
                            body: Spanned {
                                node: Ident(
                                    "pure",
                                ),
                                span: 5763..5777,
                            },
                            effect_variables: [],
                        },
                    ],
                },
            ),
            span: 5392..6009,
        },
        Spanned {
            node: FnDef(
                FnDef {
                    name: "safe_alloc_size",
                    is_ghost: false,
                    is_lemma: false,
                    params: [
                        Param {
                            name: "header_len",
                            ty: Some(
                                Refined {
                                    base: Named(
                                        "Nat",
                                    ),
                                    predicate: "h <= MAX_HANDSHAKE_LEN",
                                },
                            ),
                        },
                        Param {
                            name: "content_len",
                            ty: Some(
                                Refined {
                                    base: Named(
                                        "Nat",
                                    ),
                                    predicate: "c <= MAX_HANDSHAKE_LEN",
                                },
                            ),
                        },
                    ],
                    return_ty: Some(
                        Refined {
                            base: Named(
                                "Nat",
                            ),
                            predicate: "v <= 2 * MAX_HANDSHAKE_LEN",
                        },
                    ),
                    clauses: [
                        Clause {
                            kind: Requires,
                            body: Spanned {
                                node: BinOp {
                                    lhs: Spanned {
                                        node: BinOp {
                                            lhs: Spanned {
                                                node: Ident(
                                                    "header_len",
                                                ),
                                                span: 6245..6255,
                                            },
                                            op: Add,
                                            rhs: Spanned {
                                                node: Ident(
                                                    "content_len",
                                                ),
                                                span: 6257..6269,
                                            },
                                        },
                                        span: 6245..6269,
                                    },
                                    op: Lte,
                                    rhs: Spanned {
                                        node: BinOp {
                                            lhs: Spanned {
                                                node: Literal(
                                                    Int(
                                                        "2",
                                                    ),
                                                ),
                                                span: 6272..6274,
                                            },
                                            op: Mul,
                                            rhs: Spanned {
                                                node: Ident(
                                                    "MAX_HANDSHAKE_LEN",
                                                ),
                                                span: 6276..6294,
                                            },
                                        },
                                        span: 6272..6294,
                                    },
                                },
                                span: 6245..6294,
                            },
                            effect_variables: [],
                        },
                        Clause {
                            kind: Effects,
                            body: Spanned {
                                node: Ident(
                                    "pure",
                                ),
                                span: 6296..6310,
                            },
                            effect_variables: [],
                        },
                    ],
                },
            ),
            span: 6009..6427,
        },
        Spanned {
            node: Contract(
                ContractDecl {
                    name: "EcdhParseContract",
                    type_params: [],
                    clauses: [
                        Clause {
                            kind: Output,
                            body: Spanned {
                                node: Raw(
                                    [
                                        "result",
                                        ":",
                                        "(",
                                        ")",
                                    ],
                                ),
                                span: 0..0,
                            },
                            effect_variables: [],
                        },
                    ],
                    fn_params: [
                        Param {
                            name: "ctx",
                            ty: Some(
                                Named(
                                    "&mut EcdhContext",
                                ),
                            ),
                        },
                        Param {
                            name: "peer",
                            ty: Some(
                                Named(
                                    "ValidPeerKey",
                                ),
                            ),
                        },
                    ],
                },
            ),
            span: 6427..7528,
        },
        Spanned {
            node: FnDef(
                FnDef {
                    name: "ecdh_compute_shared",
                    is_ghost: false,
                    is_lemma: false,
                    params: [
                        Param {
                            name: "our_private",
                            ty: Some(
                                Named(
                                    "U256 # [ secret ]",
                                ),
                            ),
                        },
                        Param {
                            name: "peer_public",
                            ty: Some(
                                Named(
                                    "ValidPeerKey",
                                ),
                            ),
                        },
                    ],
                    return_ty: Some(
                        Generic(
                            "Region",
                            [
                                Named(
                                    "MAX_EC_POINT_SIZE",
                                ),
                            ],
                        ),
                    ),
                    clauses: [
                        Clause {
                            kind: Requires,
                            body: Spanned {
                                node: BinOp {
                                    lhs: Spanned {
                                        node: Field(
                                            Spanned {
                                                node: Ident(
                                                    "peer_public",
                                                ),
                                                span: 7921..7932,
                                            },
                                            "curve_id",
                                        ),
                                        span: 7921..7941,
                                    },
                                    op: Eq,
                                    rhs: Spanned {
                                        node: Ident(
                                            "our_curve",
                                        ),
                                        span: 7944..7954,
                                    },
                                },
                                span: 7921..7954,
                            },
                            effect_variables: [],
                        },
                        Clause {
                            kind: Effects,
                            body: Spanned {
                                node: Ident(
                                    "pure",
                                ),
                                span: 7956..7970,
                            },
                            effect_variables: [],
                        },
                    ],
                },
            ),
            span: 7528..8356,
        },
        Spanned {
            node: Block {
                kind: Other(
                    "spec",
                ),
                name: "NIST_SP_800_56A_ECDH",
                value: None,
                body: [],
            },
            span: 8356..9112,
        },
        Spanned {
            node: FnDef(
                FnDef {
                    name: "ecdh_derive_secret",
                    is_ghost: false,
                    is_lemma: false,
                    params: [
                        Param {
                            name: "private_key",
                            ty: Some(
                                Named(
                                    "U256 # [ secret ]",
                                ),
                            ),
                        },
                        Param {
                            name: "peer_point",
                            ty: Some(
                                Named(
                                    "ValidPeerKey",
                                ),
                            ),
                        },
                        Param {
                            name: "curve",
                            ty: Some(
                                Named(
                                    "CurveParams",
                                ),
                            ),
                        },
                    ],
                    return_ty: Some(
                        Named(
                            "SharedSecret",
                        ),
                    ),
                    clauses: [
                        Clause {
                            kind: Requires,
                            body: Spanned {
                                node: BinOp {
                                    lhs: Spanned {
                                        node: Field(
                                            Spanned {
                                                node: Ident(
                                                    "curve",
                                                ),
                                                span: 9297..9302,
                                            },
                                            "order",
                                        ),
                                        span: 9297..9308,
                                    },
                                    op: Gt,
                                    rhs: Spanned {
                                        node: Literal(
                                            Int(
                                                "1",
                                            ),
                                        ),
                                        span: 9310..9312,
                                    },
                                },
                                span: 9297..9312,
                            },
                            effect_variables: [],
                        },
                        Clause {
                            kind: Ensures,
                            body: Spanned {
                                node: BinOp {
                                    lhs: Spanned {
                                        node: Field(
                                            Spanned {
                                                node: Ident(
                                                    "curve",
                                                ),
                                                span: 9509..9514,
                                            },
                                            "order",
                                        ),
                                        span: 9509..9520,
                                    },
                                    op: Gt,
                                    rhs: Spanned {
                                        node: Literal(
                                            Int(
                                                "1",
                                            ),
                                        ),
                                        span: 9522..9524,
                                    },
                                },
                                span: 9509..9524,
                            },
                            effect_variables: [],
                        },
                        Clause {
                            kind: Effects,
                            body: Spanned {
                                node: Ident(
                                    "pure",
                                ),
                                span: 9526..9540,
                            },
                            effect_variables: [],
                        },
                    ],
                },
            ),
            span: 9112..9540,
        },
        Spanned {
            node: FnDef(
                FnDef {
                    name: "process_incoming_record",
                    is_ghost: false,
                    is_lemma: false,
                    params: [
                        Param {
                            name: "conn",
                            ty: Some(
                                Named(
                                    "&mut TlsConnection",
                                ),
                            ),
                        },
                        Param {
                            name: "record_buf",
                            ty: Some(
                                Generic(
                                    "Region",
                                    [
                                        Named(
                                            "MAX_CONTENT_LEN",
                                        ),
                                    ],
                                ),
                            ),
                        },
                    ],
                    return_ty: Some(
                        Named(
                            "RecordResult",
                        ),
                    ),
                    clauses: [
                        Clause {
                            kind: Modifies,
                            body: Spanned {
                                node: Ident(
                                    "record_buf",
                                ),
                                span: 10110..10134,
                            },
                            effect_variables: [],
                        },
                        Clause {
                            kind: Effects,
                            body: Spanned {
                                node: Raw(
                                    [
                                        "io",
                                        ".",
                                        "read",
                                    ],
                                ),
                                span: 10134..10151,
                            },
                            effect_variables: [],
                        },
                    ],
                },
            ),
            span: 9540..10729,
        },
        Spanned {
            node: Block {
                kind: FeatureMax,
                name: "SMT_EC_POINT_BOUND",
                value: Some(
                    [
                        ":",
                        "Nat",
                        "=",
                        "256",
                    ],
                ),
                body: [],
            },
            span: 10729..11375,
        },
        Spanned {
            node: Block {
                kind: FeatureMax,
                name: "SMT_CONTENT_BOUND",
                value: Some(
                    [
                        ":",
                        "Nat",
                        "=",
                        "16384",
                    ],
                ),
                body: [],
            },
            span: 11375..11418,
        },
        Spanned {
            node: Block {
                kind: FeatureMax,
                name: "SMT_HANDSHAKE_BOUND",
                value: Some(
                    [
                        ":",
                        "Nat",
                        "=",
                        "65535",
                    ],
                ),
                body: [],
            },
            span: 11418..11463,
        },
        Spanned {
            node: FnDef(
                FnDef {
                    name: "check_ec_point_bounds",
                    is_ghost: false,
                    is_lemma: false,
                    params: [
                        Param {
                            name: "point_len",
                            ty: Some(
                                Named(
                                    "Nat",
                                ),
                            ),
                        },
                        Param {
                            name: "content_len",
                            ty: Some(
                                Named(
                                    "Nat",
                                ),
                            ),
                        },
                    ],
                    return_ty: Some(
                        Unit,
                    ),
                    clauses: [
                        Clause {
                            kind: Requires,
                            body: Spanned {
                                node: BinOp {
                                    lhs: Spanned {
                                        node: Ident(
                                            "point_len",
                                        ),
                                        span: 11535..11544,
                                    },
                                    op: Lte,
                                    rhs: Spanned {
                                        node: Ident(
                                            "SMT_EC_POINT_BOUND",
                                        ),
                                        span: 11547..11566,
                                    },
                                },
                                span: 11535..11566,
                            },
                            effect_variables: [],
                        },
                        Clause {
                            kind: Requires,
                            body: Spanned {
                                node: BinOp {
                                    lhs: Spanned {
                                        node: Ident(
                                            "content_len",
                                        ),
                                        span: 11580..11591,
                                    },
                                    op: Lte,
                                    rhs: Spanned {
                                        node: Ident(
                                            "SMT_CONTENT_BOUND",
                                        ),
                                        span: 11594..11612,
                                    },
                                },
                                span: 11580..11612,
                            },
                            effect_variables: [],
                        },
                        Clause {
                            kind: Ensures,
                            body: Spanned {
                                node: BinOp {
                                    lhs: Spanned {
                                        node: Ident(
                                            "point_len",
                                        ),
                                        span: 11626..11635,
                                    },
                                    op: Lte,
                                    rhs: Spanned {
                                        node: Literal(
                                            Int(
                                                "256",
                                            ),
                                        ),
                                        span: 11638..11642,
                                    },
                                },
                                span: 11626..11642,
                            },
                            effect_variables: [],
                        },
                        Clause {
                            kind: Ensures,
                            body: Spanned {
                                node: BinOp {
                                    lhs: Spanned {
                                        node: Ident(
                                            "content_len",
                                        ),
                                        span: 11656..11667,
                                    },
                                    op: Lte,
                                    rhs: Spanned {
                                        node: Literal(
                                            Int(
                                                "16384",
                                            ),
                                        ),
                                        span: 11670..11676,
                                    },
                                },
                                span: 11656..11676,
                            },
                            effect_variables: [],
                        },
                        Clause {
                            kind: Ensures,
                            body: Spanned {
                                node: BinOp {
                                    lhs: Spanned {
                                        node: Ident(
                                            "SMT_EC_POINT_BOUND",
                                        ),
                                        span: 11690..11708,
                                    },
                                    op: Eq,
                                    rhs: Spanned {
                                        node: Literal(
                                            Int(
                                                "256",
                                            ),
                                        ),
                                        span: 11711..11715,
                                    },
                                },
                                span: 11690..11715,
                            },
                            effect_variables: [],
                        },
                        Clause {
                            kind: Ensures,
                            body: Spanned {
                                node: BinOp {
                                    lhs: Spanned {
                                        node: Ident(
                                            "SMT_CONTENT_BOUND",
                                        ),
                                        span: 11729..11746,
                                    },
                                    op: Eq,
                                    rhs: Spanned {
                                        node: Literal(
                                            Int(
                                                "16384",
                                            ),
                                        ),
                                        span: 11749..11755,
                                    },
                                },
                                span: 11729..11755,
                            },
                            effect_variables: [],
                        },
                        Clause {
                            kind: Effects,
                            body: Spanned {
                                node: Ident(
                                    "pure",
                                ),
                                span: 11757..11771,
                            },
                            effect_variables: [],
                        },
                    ],
                },
            ),
            span: 11463..11771,
        },
        Spanned {
            node: FnDef(
                FnDef {
                    name: "check_handshake_alloc_bounds",
                    is_ghost: false,
                    is_lemma: false,
                    params: [
                        Param {
                            name: "header_len",
                            ty: Some(
                                Named(
                                    "Nat",
                                ),
                            ),
                        },
                        Param {
                            name: "content_len",
                            ty: Some(
                                Named(
                                    "Nat",
                                ),
                            ),
                        },
                    ],
                    return_ty: Some(
                        Unit,
                    ),
                    clauses: [
                        Clause {
                            kind: Requires,
                            body: Spanned {
                                node: BinOp {
                                    lhs: Spanned {
                                        node: Ident(
                                            "header_len",
                                        ),
                                        span: 11851..11861,
                                    },
                                    op: Lte,
                                    rhs: Spanned {
                                        node: Ident(
                                            "SMT_HANDSHAKE_BOUND",
                                        ),
                                        span: 11864..11884,
                                    },
                                },
                                span: 11851..11884,
                            },
                            effect_variables: [],
                        },
                        Clause {
                            kind: Requires,
                            body: Spanned {
                                node: BinOp {
                                    lhs: Spanned {
                                        node: Ident(
                                            "content_len",
                                        ),
                                        span: 11898..11909,
                                    },
                                    op: Lte,
                                    rhs: Spanned {
                                        node: Ident(
                                            "SMT_HANDSHAKE_BOUND",
                                        ),
                                        span: 11912..11932,
                                    },
                                },
                                span: 11898..11932,
                            },
                            effect_variables: [],
                        },
                        Clause {
                            kind: Requires,
                            body: Spanned {
                                node: BinOp {
                                    lhs: Spanned {
                                        node: BinOp {
                                            lhs: Spanned {
                                                node: Ident(
                                                    "header_len",
                                                ),
                                                span: 11946..11956,
                                            },
                                            op: Add,
                                            rhs: Spanned {
                                                node: Ident(
                                                    "content_len",
                                                ),
                                                span: 11958..11970,
                                            },
                                        },
                                        span: 11946..11970,
                                    },
                                    op: Lte,
                                    rhs: Spanned {
                                        node: BinOp {
                                            lhs: Spanned {
                                                node: Literal(
                                                    Int(
                                                        "2",
                                                    ),
                                                ),
                                                span: 11973..11975,
                                            },
                                            op: Mul,
                                            rhs: Spanned {
                                                node: Ident(
                                                    "SMT_HANDSHAKE_BOUND",
                                                ),
                                                span: 11977..11997,
                                            },
                                        },
                                        span: 11973..11997,
                                    },
                                },
                                span: 11946..11997,
                            },
                            effect_variables: [],
                        },
                        Clause {
                            kind: Ensures,
                            body: Spanned {
                                node: BinOp {
                                    lhs: Spanned {
                                        node: BinOp {
                                            lhs: Spanned {
                                                node: Ident(
                                                    "header_len",
                                                ),
                                                span: 12011..12021,
                                            },
                                            op: Add,
                                            rhs: Spanned {
                                                node: Ident(
                                                    "content_len",
                                                ),
                                                span: 12023..12035,
                                            },
                                        },
                                        span: 12011..12035,
                                    },
                                    op: Lte,
                                    rhs: Spanned {
                                        node: Literal(
                                            Int(
                                                "131070",
                                            ),
                                        ),
                                        span: 12038..12045,
                                    },
                                },
                                span: 12011..12045,
                            },
                            effect_variables: [],
                        },
                        Clause {
                            kind: Ensures,
                            body: Spanned {
                                node: BinOp {
                                    lhs: Spanned {
                                        node: Ident(
                                            "SMT_HANDSHAKE_BOUND",
                                        ),
                                        span: 12059..12078,
                                    },
                                    op: Eq,
                                    rhs: Spanned {
                                        node: Literal(
                                            Int(
                                                "65535",
                                            ),
                                        ),
                                        span: 12081..12087,
                                    },
                                },
                                span: 12059..12087,
                            },
                            effect_variables: [],
                        },
                        Clause {
                            kind: Effects,
                            body: Spanned {
                                node: Ident(
                                    "pure",
                                ),
                                span: 12089..12103,
                            },
                            effect_variables: [],
                        },
                    ],
                },
            ),
            span: 11771..12103,
        },
    ],
}
