---
source: crates/assura-parser/tests/snapshots.rs
expression: ast
---
SourceFile {
    project: Some(
        ProjectDecl {
            name: "libwebp_vp8l",
            profile: [
                "core",
                "mem",
                "sec",
                "num",
            ],
        },
    ),
    module: Some(
        ModuleDecl {
            path: [
                "vp8l",
                "huffman",
            ],
        },
    ),
    imports: [],
    decls: [
        Spanned {
            node: Block {
                kind: FeatureMax,
                name: "MAX_ALPHABET_SIZE",
                value: Some(
                    [
                        ":",
                        "Nat",
                        "=",
                        "280",
                    ],
                ),
                body: [],
            },
            span: 66..102,
        },
        Spanned {
            node: Block {
                kind: FeatureMax,
                name: "MAX_CODE_LENGTH",
                value: Some(
                    [
                        ":",
                        "Nat",
                        "=",
                        "15",
                    ],
                ),
                body: [],
            },
            span: 102..135,
        },
        Spanned {
            node: Block {
                kind: FeatureMax,
                name: "ROOT_BITS",
                value: Some(
                    [
                        ":",
                        "Nat",
                        "=",
                        "8",
                    ],
                ),
                body: [],
            },
            span: 135..161,
        },
        Spanned {
            node: FnDef(
                FnDef {
                    name: "max_secondary_table_entries",
                    is_ghost: false,
                    is_lemma: false,
                    params: [
                        Param {
                            name: "alphabet_size",
                            ty: Some(
                                Named(
                                    "Nat",
                                ),
                            ),
                        },
                        Param {
                            name: "root_bits",
                            ty: Some(
                                Named(
                                    "Nat",
                                ),
                            ),
                        },
                        Param {
                            name: "code_lengths",
                            ty: Some(
                                Generic(
                                    "Sequence",
                                    [
                                        Named(
                                            "Nat",
                                        ),
                                    ],
                                ),
                            ),
                        },
                    ],
                    return_ty: Some(
                        Named(
                            "Nat",
                        ),
                    ),
                    clauses: [],
                },
            ),
            span: 161..612,
        },
        Spanned {
            node: FnDef(
                FnDef {
                    name: "worst_case_table_size",
                    is_ghost: false,
                    is_lemma: false,
                    params: [
                        Param {
                            name: "alphabet_size",
                            ty: Some(
                                Named(
                                    "U16",
                                ),
                            ),
                        },
                    ],
                    return_ty: Some(
                        Named(
                            "U32",
                        ),
                    ),
                    clauses: [
                        Clause {
                            kind: Requires,
                            body: Spanned {
                                node: BinOp {
                                    lhs: Spanned {
                                        node: Ident(
                                            "alphabet_size",
                                        ),
                                        span: 668..681,
                                    },
                                    op: Lte,
                                    rhs: Spanned {
                                        node: Ident(
                                            "MAX_ALPHABET_SIZE",
                                        ),
                                        span: 683..700,
                                    },
                                },
                                span: 668..700,
                            },
                            effect_variables: [],
                        },
                        Clause {
                            kind: Other(
                                "must_be",
                            ),
                            body: Spanned {
                                node: Raw(
                                    [],
                                ),
                                span: 701..708,
                            },
                            effect_variables: [],
                        },
                        Clause {
                            kind: Other(
                                "deterministic",
                            ),
                            body: Spanned {
                                node: Raw(
                                    [
                                        "let",
                                        "primary",
                                        "=",
                                        "pow",
                                        "2",
                                        ",",
                                        "ROOT_BITS",
                                        "as",
                                        "U32",
                                        "let",
                                        "max_secondary",
                                        "=",
                                        "max_over_valid_codes",
                                        "alphabet_size",
                                        ",",
                                        "ROOT_BITS",
                                        "primary",
                                        "+",
                                        "max_secondary",
                                    ],
                                ),
                                span: 708..838,
                            },
                            effect_variables: [],
                        },
                    ],
                },
            ),
            span: 612..838,
        },
        Spanned {
            node: Block {
                kind: Table,
                name: "K_TABLE_SIZE",
                value: Some(
                    [
                        ":",
                        "[",
                        "U32",
                        ";",
                        "MAX_ALPHABET_SIZE",
                        "+",
                        "1",
                        "]",
                        "=",
                        "precompute",
                        "(",
                        "for",
                        "i",
                        "in",
                        "0",
                        "..",
                        "MAX_ALPHABET_SIZE",
                        "+",
                        "1",
                        "=>",
                        "worst_case_table_size",
                        "(",
                        "i",
                        "as",
                        "U16",
                        ")",
                        ")",
                    ],
                ),
                body: [
                    Clause {
                        kind: Other(
                            "verify_against",
                        ),
                        body: Spanned {
                            node: Ident(
                                "worst_case_table_size",
                            ),
                            span: 953..989,
                        },
                        effect_variables: [],
                    },
                ],
            },
            span: 838..989,
        },
        Spanned {
            node: FnDef(
                FnDef {
                    name: "vp8l_read_bits",
                    is_ghost: false,
                    is_lemma: false,
                    params: [
                        Param {
                            name: "br",
                            ty: Some(
                                Named(
                                    "&mut BitReader",
                                ),
                            ),
                        },
                        Param {
                            name: "n_bits",
                            ty: Some(
                                Refined {
                                    base: Named(
                                        "Nat",
                                    ),
                                    predicate: "b <= 24",
                                },
                            ),
                        },
                    ],
                    return_ty: Some(
                        Named(
                            "U32",
                        ),
                    ),
                    clauses: [
                        Clause {
                            kind: Other(
                                "taint",
                            ),
                            body: Spanned {
                                node: Ident(
                                    "untrusted",
                                ),
                                span: 1050..1065,
                            },
                            effect_variables: [],
                        },
                        Clause {
                            kind: Effects,
                            body: Spanned {
                                node: Raw(
                                    [
                                        "io",
                                        ".",
                                        "read",
                                    ],
                                ),
                                span: 1065..1080,
                            },
                            effect_variables: [],
                        },
                    ],
                },
            ),
            span: 989..1080,
        },
        Spanned {
            node: FnDef(
                FnDef {
                    name: "read_huffman_code_lengths",
                    is_ghost: false,
                    is_lemma: false,
                    params: [
                        Param {
                            name: "br",
                            ty: Some(
                                Named(
                                    "&mut BitReader",
                                ),
                            ),
                        },
                        Param {
                            name: "alphabet_size",
                            ty: Some(
                                Refined {
                                    base: Named(
                                        "Nat",
                                    ),
                                    predicate: "a <= MAX_ALPHABET_SIZE",
                                },
                            ),
                        },
                    ],
                    return_ty: Some(
                        Generic(
                            "List",
                            [
                                Named(
                                    "U16",
                                ),
                            ],
                        ),
                    ),
                    clauses: [
                        Clause {
                            kind: Other(
                                "taint",
                            ),
                            body: Spanned {
                                node: Ident(
                                    "untrusted",
                                ),
                                span: 1180..1195,
                            },
                            effect_variables: [],
                        },
                        Clause {
                            kind: Effects,
                            body: Spanned {
                                node: Raw(
                                    [
                                        "io",
                                        ".",
                                        "read",
                                    ],
                                ),
                                span: 1195..1210,
                            },
                            effect_variables: [],
                        },
                    ],
                },
            ),
            span: 1080..1328,
        },
        Spanned {
            node: FnDef(
                FnDef {
                    name: "validate_code_lengths",
                    is_ghost: false,
                    is_lemma: false,
                    params: [
                        Param {
                            name: "raw_lengths",
                            ty: Some(
                                Generic(
                                    "List",
                                    [
                                        Named(
                                            "U16",
                                        ),
                                    ],
                                ),
                            ),
                        },
                        Param {
                            name: "alphabet_size",
                            ty: Some(
                                Refined {
                                    base: Named(
                                        "Nat",
                                    ),
                                    predicate: "a <= MAX_ALPHABET_SIZE",
                                },
                            ),
                        },
                    ],
                    return_ty: Some(
                        Named(
                            "ValidCodeLengths",
                        ),
                    ),
                    clauses: [
                        Clause {
                            kind: Other(
                                "taint",
                            ),
                            body: Spanned {
                                node: Raw(
                                    [
                                        "validated",
                                        "|",
                                        "HuffmanError",
                                    ],
                                ),
                                span: 1452..1480,
                            },
                            effect_variables: [],
                        },
                        Clause {
                            kind: Effects,
                            body: Spanned {
                                node: Ident(
                                    "pure",
                                ),
                                span: 1480..1492,
                            },
                            effect_variables: [],
                        },
                    ],
                },
            ),
            span: 1328..1950,
        },
        Spanned {
            node: Contract(
                ContractDecl {
                    name: "BuildHuffmanTableContract",
                    type_params: [],
                    clauses: [],
                    fn_params: [
                        Param {
                            name: "table",
                            ty: Some(
                                Named(
                                    "HuffmanTableBuffer",
                                ),
                            ),
                        },
                        Param {
                            name: "root_bits",
                            ty: Some(
                                Refined {
                                    base: Named(
                                        "Nat",
                                    ),
                                    predicate: "r <= MAX_CODE_LENGTH",
                                },
                            ),
                        },
                        Param {
                            name: "code_lengths",
                            ty: Some(
                                Named(
                                    "ValidCodeLengths",
                                ),
                            ),
                        },
                    ],
                },
            ),
            span: 1950..2568,
        },
        Spanned {
            node: FnDef(
                FnDef {
                    name: "check_alphabet_bounds",
                    is_ghost: false,
                    is_lemma: false,
                    params: [
                        Param {
                            name: "size",
                            ty: Some(
                                Named(
                                    "Nat",
                                ),
                            ),
                        },
                        Param {
                            name: "max_len",
                            ty: Some(
                                Named(
                                    "Nat",
                                ),
                            ),
                        },
                    ],
                    return_ty: Some(
                        Unit,
                    ),
                    clauses: [
                        Clause {
                            kind: Requires,
                            body: Spanned {
                                node: BinOp {
                                    lhs: Spanned {
                                        node: Ident(
                                            "size",
                                        ),
                                        span: 2622..2626,
                                    },
                                    op: Lte,
                                    rhs: Spanned {
                                        node: Literal(
                                            Int(
                                                "280",
                                            ),
                                        ),
                                        span: 2628..2631,
                                    },
                                },
                                span: 2622..2631,
                            },
                            effect_variables: [],
                        },
                        Clause {
                            kind: Requires,
                            body: Spanned {
                                node: BinOp {
                                    lhs: Spanned {
                                        node: Ident(
                                            "max_len",
                                        ),
                                        span: 2641..2648,
                                    },
                                    op: Lte,
                                    rhs: Spanned {
                                        node: Literal(
                                            Int(
                                                "15",
                                            ),
                                        ),
                                        span: 2650..2652,
                                    },
                                },
                                span: 2641..2652,
                            },
                            effect_variables: [],
                        },
                        Clause {
                            kind: Ensures,
                            body: Spanned {
                                node: BinOp {
                                    lhs: Spanned {
                                        node: BinOp {
                                            lhs: Spanned {
                                                node: Ident(
                                                    "size",
                                                ),
                                                span: 2661..2665,
                                            },
                                            op: Add,
                                            rhs: Spanned {
                                                node: Ident(
                                                    "max_len",
                                                ),
                                                span: 2666..2673,
                                            },
                                        },
                                        span: 0..0,
                                    },
                                    op: Lte,
                                    rhs: Spanned {
                                        node: Literal(
                                            Int(
                                                "295",
                                            ),
                                        ),
                                        span: 2675..2678,
                                    },
                                },
                                span: 2661..2678,
                            },
                            effect_variables: [],
                        },
                        Clause {
                            kind: Ensures,
                            body: Spanned {
                                node: BinOp {
                                    lhs: Spanned {
                                        node: Ident(
                                            "size",
                                        ),
                                        span: 2687..2691,
                                    },
                                    op: Lte,
                                    rhs: Spanned {
                                        node: Literal(
                                            Int(
                                                "280",
                                            ),
                                        ),
                                        span: 2693..2696,
                                    },
                                },
                                span: 2687..2696,
                            },
                            effect_variables: [],
                        },
                        Clause {
                            kind: Ensures,
                            body: Spanned {
                                node: BinOp {
                                    lhs: Spanned {
                                        node: Ident(
                                            "max_len",
                                        ),
                                        span: 2705..2712,
                                    },
                                    op: Lte,
                                    rhs: Spanned {
                                        node: Literal(
                                            Int(
                                                "15",
                                            ),
                                        ),
                                        span: 2714..2716,
                                    },
                                },
                                span: 2705..2716,
                            },
                            effect_variables: [],
                        },
                        Clause {
                            kind: Effects,
                            body: Spanned {
                                node: Ident(
                                    "pure",
                                ),
                                span: 2717..2729,
                            },
                            effect_variables: [],
                        },
                    ],
                },
            ),
            span: 2568..2729,
        },
        Spanned {
            node: FnDef(
                FnDef {
                    name: "check_table_bounds",
                    is_ghost: false,
                    is_lemma: false,
                    params: [
                        Param {
                            name: "root_bits",
                            ty: Some(
                                Named(
                                    "Nat",
                                ),
                            ),
                        },
                        Param {
                            name: "alphabet_size",
                            ty: Some(
                                Named(
                                    "Nat",
                                ),
                            ),
                        },
                        Param {
                            name: "table_size",
                            ty: Some(
                                Named(
                                    "Nat",
                                ),
                            ),
                        },
                    ],
                    return_ty: Some(
                        Unit,
                    ),
                    clauses: [
                        Clause {
                            kind: Requires,
                            body: Spanned {
                                node: BinOp {
                                    lhs: Spanned {
                                        node: Ident(
                                            "root_bits",
                                        ),
                                        span: 2806..2815,
                                    },
                                    op: Lte,
                                    rhs: Spanned {
                                        node: Literal(
                                            Int(
                                                "15",
                                            ),
                                        ),
                                        span: 2817..2819,
                                    },
                                },
                                span: 2806..2819,
                            },
                            effect_variables: [],
                        },
                        Clause {
                            kind: Requires,
                            body: Spanned {
                                node: BinOp {
                                    lhs: Spanned {
                                        node: Ident(
                                            "alphabet_size",
                                        ),
                                        span: 2829..2842,
                                    },
                                    op: Lte,
                                    rhs: Spanned {
                                        node: Literal(
                                            Int(
                                                "280",
                                            ),
                                        ),
                                        span: 2844..2847,
                                    },
                                },
                                span: 2829..2847,
                            },
                            effect_variables: [],
                        },
                        Clause {
                            kind: Requires,
                            body: Spanned {
                                node: BinOp {
                                    lhs: Spanned {
                                        node: Ident(
                                            "table_size",
                                        ),
                                        span: 2857..2867,
                                    },
                                    op: Gte,
                                    rhs: Spanned {
                                        node: BinOp {
                                            lhs: Spanned {
                                                node: Ident(
                                                    "alphabet_size",
                                                ),
                                                span: 2869..2882,
                                            },
                                            op: Add,
                                            rhs: Spanned {
                                                node: Ident(
                                                    "root_bits",
                                                ),
                                                span: 2883..2892,
                                            },
                                        },
                                        span: 2869..2892,
                                    },
                                },
                                span: 2857..2892,
                            },
                            effect_variables: [],
                        },
                        Clause {
                            kind: Ensures,
                            body: Spanned {
                                node: BinOp {
                                    lhs: Spanned {
                                        node: Ident(
                                            "table_size",
                                        ),
                                        span: 2901..2911,
                                    },
                                    op: Gte,
                                    rhs: Spanned {
                                        node: Ident(
                                            "root_bits",
                                        ),
                                        span: 2913..2922,
                                    },
                                },
                                span: 2901..2922,
                            },
                            effect_variables: [],
                        },
                        Clause {
                            kind: Ensures,
                            body: Spanned {
                                node: BinOp {
                                    lhs: Spanned {
                                        node: Ident(
                                            "table_size",
                                        ),
                                        span: 2931..2941,
                                    },
                                    op: Gte,
                                    rhs: Spanned {
                                        node: Ident(
                                            "alphabet_size",
                                        ),
                                        span: 2943..2956,
                                    },
                                },
                                span: 2931..2956,
                            },
                            effect_variables: [],
                        },
                        Clause {
                            kind: Effects,
                            body: Spanned {
                                node: Ident(
                                    "pure",
                                ),
                                span: 2957..2969,
                            },
                            effect_variables: [],
                        },
                    ],
                },
            ),
            span: 2729..2969,
        },
        Spanned {
            node: FnDef(
                FnDef {
                    name: "check_code_length_bounds",
                    is_ghost: false,
                    is_lemma: false,
                    params: [
                        Param {
                            name: "code_len",
                            ty: Some(
                                Named(
                                    "Nat",
                                ),
                            ),
                        },
                        Param {
                            name: "max_code_len",
                            ty: Some(
                                Named(
                                    "Nat",
                                ),
                            ),
                        },
                        Param {
                            name: "root_bits",
                            ty: Some(
                                Named(
                                    "Nat",
                                ),
                            ),
                        },
                    ],
                    return_ty: Some(
                        Unit,
                    ),
                    clauses: [
                        Clause {
                            kind: Requires,
                            body: Spanned {
                                node: BinOp {
                                    lhs: Spanned {
                                        node: Ident(
                                            "code_len",
                                        ),
                                        span: 3049..3057,
                                    },
                                    op: Lte,
                                    rhs: Spanned {
                                        node: Ident(
                                            "max_code_len",
                                        ),
                                        span: 3059..3071,
                                    },
                                },
                                span: 3049..3071,
                            },
                            effect_variables: [],
                        },
                        Clause {
                            kind: Requires,
                            body: Spanned {
                                node: BinOp {
                                    lhs: Spanned {
                                        node: Ident(
                                            "max_code_len",
                                        ),
                                        span: 3081..3093,
                                    },
                                    op: Lte,
                                    rhs: Spanned {
                                        node: Literal(
                                            Int(
                                                "15",
                                            ),
                                        ),
                                        span: 3095..3097,
                                    },
                                },
                                span: 3081..3097,
                            },
                            effect_variables: [],
                        },
                        Clause {
                            kind: Requires,
                            body: Spanned {
                                node: BinOp {
                                    lhs: Spanned {
                                        node: Ident(
                                            "root_bits",
                                        ),
                                        span: 3107..3116,
                                    },
                                    op: Lte,
                                    rhs: Spanned {
                                        node: Ident(
                                            "max_code_len",
                                        ),
                                        span: 3118..3130,
                                    },
                                },
                                span: 3107..3130,
                            },
                            effect_variables: [],
                        },
                        Clause {
                            kind: Ensures,
                            body: Spanned {
                                node: BinOp {
                                    lhs: Spanned {
                                        node: Ident(
                                            "code_len",
                                        ),
                                        span: 3139..3147,
                                    },
                                    op: Lte,
                                    rhs: Spanned {
                                        node: Literal(
                                            Int(
                                                "15",
                                            ),
                                        ),
                                        span: 3149..3151,
                                    },
                                },
                                span: 3139..3151,
                            },
                            effect_variables: [],
                        },
                        Clause {
                            kind: Ensures,
                            body: Spanned {
                                node: BinOp {
                                    lhs: Spanned {
                                        node: Ident(
                                            "root_bits",
                                        ),
                                        span: 3160..3169,
                                    },
                                    op: Lte,
                                    rhs: Spanned {
                                        node: Literal(
                                            Int(
                                                "15",
                                            ),
                                        ),
                                        span: 3171..3173,
                                    },
                                },
                                span: 3160..3173,
                            },
                            effect_variables: [],
                        },
                        Clause {
                            kind: Effects,
                            body: Spanned {
                                node: Ident(
                                    "pure",
                                ),
                                span: 3174..3186,
                            },
                            effect_variables: [],
                        },
                    ],
                },
            ),
            span: 2969..3186,
        },
        Spanned {
            node: FnDef(
                FnDef {
                    name: "decode_huffman_group",
                    is_ghost: false,
                    is_lemma: false,
                    params: [
                        Param {
                            name: "br",
                            ty: Some(
                                Named(
                                    "&mut BitReader",
                                ),
                            ),
                        },
                        Param {
                            name: "table_buf",
                            ty: Some(
                                Generic(
                                    "Region",
                                    [
                                        Named(
                                            "TOTAL_TABLE_SIZE",
                                        ),
                                    ],
                                ),
                            ),
                        },
                    ],
                    return_ty: Some(
                        Named(
                            "HuffmanGroup | DecodeError",
                        ),
                    ),
                    clauses: [
                        Clause {
                            kind: Effects,
                            body: Spanned {
                                node: Raw(
                                    [
                                        "io",
                                        ".",
                                        "read",
                                    ],
                                ),
                                span: 3287..3302,
                            },
                            effect_variables: [],
                        },
                    ],
                },
            ),
            span: 3186..3495,
        },
    ],
}
