---
source: crates/assura-parser/tests/snapshots.rs
expression: ast
---
SourceFile {
    project: Some(
        ProjectDecl {
            name: "libwebp_vp8l",
            profile: [
                "core",
                "mem",
                "sec",
                "num",
            ],
        },
    ),
    module: Some(
        ModuleDecl {
            path: [
                "vp8l",
                "huffman",
            ],
        },
    ),
    imports: [],
    decls: [
        Spanned {
            node: Block {
                kind: FeatureMax,
                name: "MAX_ALPHABET_SIZE",
                value: Some(
                    [
                        ":",
                        "Nat",
                        "=",
                        "280",
                    ],
                ),
                body: [],
            },
            span: 963..1275,
        },
        Spanned {
            node: Block {
                kind: FeatureMax,
                name: "MAX_CODE_LENGTH",
                value: Some(
                    [
                        ":",
                        "Nat",
                        "=",
                        "15",
                    ],
                ),
                body: [],
            },
            span: 1275..1313,
        },
        Spanned {
            node: Block {
                kind: FeatureMax,
                name: "ROOT_BITS",
                value: Some(
                    [
                        ":",
                        "Nat",
                        "=",
                        "8",
                    ],
                ),
                body: [],
            },
            span: 1313..1411,
        },
        Spanned {
            node: FnDef(
                FnDef {
                    name: "max_secondary_table_entries",
                    is_ghost: false,
                    is_lemma: false,
                    params: [
                        Param {
                            name: "alphabet_size",
                            ty: Some(
                                Named(
                                    "Nat",
                                ),
                            ),
                        },
                        Param {
                            name: "root_bits",
                            ty: Some(
                                Named(
                                    "Nat",
                                ),
                            ),
                        },
                        Param {
                            name: "code_lengths",
                            ty: Some(
                                Generic(
                                    "Sequence",
                                    [
                                        Named(
                                            "Nat",
                                        ),
                                    ],
                                ),
                            ),
                        },
                    ],
                    return_ty: Some(
                        Named(
                            "Nat",
                        ),
                    ),
                    clauses: [],
                },
            ),
            span: 1411..2895,
        },
        Spanned {
            node: FnDef(
                FnDef {
                    name: "worst_case_table_size",
                    is_ghost: false,
                    is_lemma: false,
                    params: [
                        Param {
                            name: "alphabet_size",
                            ty: Some(
                                Named(
                                    "U16",
                                ),
                            ),
                        },
                    ],
                    return_ty: Some(
                        Named(
                            "U32",
                        ),
                    ),
                    clauses: [
                        Clause {
                            kind: Requires,
                            body: Spanned {
                                node: BinOp {
                                    lhs: Spanned {
                                        node: Ident(
                                            "alphabet_size",
                                        ),
                                        span: 3476..3489,
                                    },
                                    op: Lte,
                                    rhs: Spanned {
                                        node: Ident(
                                            "MAX_ALPHABET_SIZE",
                                        ),
                                        span: 3492..3510,
                                    },
                                },
                                span: 3476..3510,
                            },
                            effect_variables: [],
                        },
                        Clause {
                            kind: Other(
                                "must_be",
                            ),
                            body: Spanned {
                                node: Raw(
                                    [],
                                ),
                                span: 3512..3520,
                            },
                            effect_variables: [],
                        },
                        Clause {
                            kind: Other(
                                "deterministic",
                            ),
                            body: Spanned {
                                node: Raw(
                                    [
                                        "let",
                                        "primary",
                                        "=",
                                        "pow",
                                        "(",
                                        "2",
                                        ",",
                                        "ROOT_BITS",
                                        ")",
                                        "as",
                                        "U32",
                                        "let",
                                        "max_secondary",
                                        "=",
                                        "max_over_valid_codes",
                                        "(",
                                        "alphabet_size",
                                        ",",
                                        "ROOT_BITS",
                                        ")",
                                        "primary",
                                        "+",
                                        "max_secondary",
                                    ],
                                ),
                                span: 3520..3943,
                            },
                            effect_variables: [],
                        },
                    ],
                },
            ),
            span: 2895..3943,
        },
        Spanned {
            node: Block {
                kind: Table,
                name: "K_TABLE_SIZE",
                value: Some(
                    [
                        ":",
                        "[",
                        "U32",
                        ";",
                        "MAX_ALPHABET_SIZE",
                        "+",
                        "1",
                        "]",
                        "=",
                        "precompute",
                        "(",
                        "for",
                        "i",
                        "in",
                        "0",
                        "..",
                        "MAX_ALPHABET_SIZE",
                        "+",
                        "1",
                        "=>",
                        "worst_case_table_size",
                        "(",
                        "i",
                        "as",
                        "U16",
                        ")",
                        ")",
                    ],
                ),
                body: [
                    Clause {
                        kind: Other(
                            "verify_against",
                        ),
                        body: Spanned {
                            node: Ident(
                                "worst_case_table_size",
                            ),
                            span: 4078..4116,
                        },
                        effect_variables: [],
                    },
                ],
            },
            span: 3943..4116,
        },
        Spanned {
            node: FnDef(
                FnDef {
                    name: "vp8l_read_bits",
                    is_ghost: false,
                    is_lemma: false,
                    params: [
                        Param {
                            name: "br",
                            ty: Some(
                                Named(
                                    "&mut BitReader",
                                ),
                            ),
                        },
                        Param {
                            name: "n_bits",
                            ty: Some(
                                Refined {
                                    base: Named(
                                        "Nat",
                                    ),
                                    predicate: "b <= 24",
                                },
                            ),
                        },
                    ],
                    return_ty: Some(
                        Named(
                            "U32",
                        ),
                    ),
                    clauses: [
                        Clause {
                            kind: Effects,
                            body: Spanned {
                                node: Raw(
                                    [
                                        "io",
                                        ".",
                                        "read",
                                    ],
                                ),
                                span: 4852..4869,
                            },
                            effect_variables: [],
                        },
                    ],
                },
            ),
            span: 4116..4869,
        },
        Spanned {
            node: FnDef(
                FnDef {
                    name: "read_huffman_code_lengths",
                    is_ghost: false,
                    is_lemma: false,
                    params: [
                        Param {
                            name: "br",
                            ty: Some(
                                Named(
                                    "&mut BitReader",
                                ),
                            ),
                        },
                        Param {
                            name: "alphabet_size",
                            ty: Some(
                                Refined {
                                    base: Named(
                                        "Nat",
                                    ),
                                    predicate: "a <= MAX_ALPHABET_SIZE",
                                },
                            ),
                        },
                    ],
                    return_ty: Some(
                        Generic(
                            "List",
                            [
                                Named(
                                    "U16",
                                ),
                            ],
                        ),
                    ),
                    clauses: [
                        Clause {
                            kind: Effects,
                            body: Spanned {
                                node: Raw(
                                    [
                                        "io",
                                        ".",
                                        "read",
                                    ],
                                ),
                                span: 5056..5073,
                            },
                            effect_variables: [],
                        },
                    ],
                },
            ),
            span: 4869..5389,
        },
        Spanned {
            node: FnDef(
                FnDef {
                    name: "validate_code_lengths",
                    is_ghost: false,
                    is_lemma: false,
                    params: [
                        Param {
                            name: "raw_lengths",
                            ty: Some(
                                Generic(
                                    "List",
                                    [
                                        Named(
                                            "U16",
                                        ),
                                    ],
                                ),
                            ),
                        },
                        Param {
                            name: "alphabet_size",
                            ty: Some(
                                Refined {
                                    base: Named(
                                        "Nat",
                                    ),
                                    predicate: "a <= MAX_ALPHABET_SIZE",
                                },
                            ),
                        },
                    ],
                    return_ty: Some(
                        Named(
                            "ValidCodeLengths",
                        ),
                    ),
                    clauses: [
                        Clause {
                            kind: Effects,
                            body: Spanned {
                                node: Ident(
                                    "pure",
                                ),
                                span: 5874..5888,
                            },
                            effect_variables: [],
                        },
                    ],
                },
            ),
            span: 5389..6780,
        },
        Spanned {
            node: Contract(
                ContractDecl {
                    name: "BuildHuffmanTableContract",
                    type_params: [],
                    clauses: [
                        Clause {
                            kind: Output,
                            body: Spanned {
                                node: Raw(
                                    [
                                        "result",
                                        ":",
                                        "{",
                                        "written",
                                        ":",
                                        "Nat",
                                        "|",
                                        "written",
                                        "<=",
                                        "TableSize",
                                        "}",
                                    ],
                                ),
                                span: 0..0,
                            },
                            effect_variables: [],
                        },
                    ],
                    fn_params: [
                        Param {
                            name: "table",
                            ty: Some(
                                Named(
                                    "HuffmanTableBuffer",
                                ),
                            ),
                        },
                        Param {
                            name: "root_bits",
                            ty: Some(
                                Refined {
                                    base: Named(
                                        "Nat",
                                    ),
                                    predicate: "r <= MAX_CODE_LENGTH",
                                },
                            ),
                        },
                        Param {
                            name: "code_lengths",
                            ty: Some(
                                Named(
                                    "ValidCodeLengths",
                                ),
                            ),
                        },
                    ],
                },
            ),
            span: 6780..9055,
        },
        Spanned {
            node: FnDef(
                FnDef {
                    name: "check_alphabet_bounds",
                    is_ghost: false,
                    is_lemma: false,
                    params: [
                        Param {
                            name: "size",
                            ty: Some(
                                Named(
                                    "Nat",
                                ),
                            ),
                        },
                        Param {
                            name: "max_len",
                            ty: Some(
                                Named(
                                    "Nat",
                                ),
                            ),
                        },
                    ],
                    return_ty: Some(
                        Unit,
                    ),
                    clauses: [
                        Clause {
                            kind: Requires,
                            body: Spanned {
                                node: BinOp {
                                    lhs: Spanned {
                                        node: Ident(
                                            "size",
                                        ),
                                        span: 9651..9655,
                                    },
                                    op: Lte,
                                    rhs: Spanned {
                                        node: Ident(
                                            "MAX_ALPHABET_SIZE",
                                        ),
                                        span: 9658..9676,
                                    },
                                },
                                span: 9651..9676,
                            },
                            effect_variables: [],
                        },
                        Clause {
                            kind: Requires,
                            body: Spanned {
                                node: BinOp {
                                    lhs: Spanned {
                                        node: Ident(
                                            "max_len",
                                        ),
                                        span: 9690..9697,
                                    },
                                    op: Lte,
                                    rhs: Spanned {
                                        node: Ident(
                                            "MAX_CODE_LENGTH",
                                        ),
                                        span: 9700..9716,
                                    },
                                },
                                span: 9690..9716,
                            },
                            effect_variables: [],
                        },
                        Clause {
                            kind: Ensures,
                            body: Spanned {
                                node: BinOp {
                                    lhs: Spanned {
                                        node: BinOp {
                                            lhs: Spanned {
                                                node: Ident(
                                                    "size",
                                                ),
                                                span: 9730..9734,
                                            },
                                            op: Add,
                                            rhs: Spanned {
                                                node: Ident(
                                                    "max_len",
                                                ),
                                                span: 9736..9744,
                                            },
                                        },
                                        span: 9730..9744,
                                    },
                                    op: Lte,
                                    rhs: Spanned {
                                        node: BinOp {
                                            lhs: Spanned {
                                                node: Ident(
                                                    "MAX_ALPHABET_SIZE",
                                                ),
                                                span: 9747..9765,
                                            },
                                            op: Add,
                                            rhs: Spanned {
                                                node: Ident(
                                                    "MAX_CODE_LENGTH",
                                                ),
                                                span: 9767..9783,
                                            },
                                        },
                                        span: 9747..9783,
                                    },
                                },
                                span: 9730..9783,
                            },
                            effect_variables: [],
                        },
                        Clause {
                            kind: Effects,
                            body: Spanned {
                                node: Ident(
                                    "pure",
                                ),
                                span: 9785..9799,
                            },
                            effect_variables: [],
                        },
                    ],
                },
            ),
            span: 9055..9799,
        },
        Spanned {
            node: FnDef(
                FnDef {
                    name: "check_table_bounds",
                    is_ghost: false,
                    is_lemma: false,
                    params: [
                        Param {
                            name: "root_bits",
                            ty: Some(
                                Named(
                                    "Nat",
                                ),
                            ),
                        },
                        Param {
                            name: "alphabet_size",
                            ty: Some(
                                Named(
                                    "Nat",
                                ),
                            ),
                        },
                        Param {
                            name: "table_size",
                            ty: Some(
                                Named(
                                    "Nat",
                                ),
                            ),
                        },
                    ],
                    return_ty: Some(
                        Unit,
                    ),
                    clauses: [
                        Clause {
                            kind: Requires,
                            body: Spanned {
                                node: BinOp {
                                    lhs: Spanned {
                                        node: Ident(
                                            "root_bits",
                                        ),
                                        span: 9962..9971,
                                    },
                                    op: Lte,
                                    rhs: Spanned {
                                        node: Ident(
                                            "MAX_CODE_LENGTH",
                                        ),
                                        span: 9974..9990,
                                    },
                                },
                                span: 9962..9990,
                            },
                            effect_variables: [],
                        },
                        Clause {
                            kind: Requires,
                            body: Spanned {
                                node: BinOp {
                                    lhs: Spanned {
                                        node: Ident(
                                            "alphabet_size",
                                        ),
                                        span: 10004..10017,
                                    },
                                    op: Lte,
                                    rhs: Spanned {
                                        node: Ident(
                                            "MAX_ALPHABET_SIZE",
                                        ),
                                        span: 10020..10038,
                                    },
                                },
                                span: 10004..10038,
                            },
                            effect_variables: [],
                        },
                        Clause {
                            kind: Requires,
                            body: Spanned {
                                node: BinOp {
                                    lhs: Spanned {
                                        node: Ident(
                                            "table_size",
                                        ),
                                        span: 10052..10062,
                                    },
                                    op: Gte,
                                    rhs: Spanned {
                                        node: BinOp {
                                            lhs: Spanned {
                                                node: Ident(
                                                    "alphabet_size",
                                                ),
                                                span: 10065..10079,
                                            },
                                            op: Add,
                                            rhs: Spanned {
                                                node: Ident(
                                                    "root_bits",
                                                ),
                                                span: 10081..10091,
                                            },
                                        },
                                        span: 10065..10091,
                                    },
                                },
                                span: 10052..10091,
                            },
                            effect_variables: [],
                        },
                        Clause {
                            kind: Ensures,
                            body: Spanned {
                                node: BinOp {
                                    lhs: Spanned {
                                        node: Ident(
                                            "table_size",
                                        ),
                                        span: 10105..10115,
                                    },
                                    op: Gte,
                                    rhs: Spanned {
                                        node: Ident(
                                            "root_bits",
                                        ),
                                        span: 10118..10128,
                                    },
                                },
                                span: 10105..10128,
                            },
                            effect_variables: [],
                        },
                        Clause {
                            kind: Ensures,
                            body: Spanned {
                                node: BinOp {
                                    lhs: Spanned {
                                        node: Ident(
                                            "table_size",
                                        ),
                                        span: 10142..10152,
                                    },
                                    op: Gte,
                                    rhs: Spanned {
                                        node: Ident(
                                            "alphabet_size",
                                        ),
                                        span: 10155..10169,
                                    },
                                },
                                span: 10142..10169,
                            },
                            effect_variables: [],
                        },
                        Clause {
                            kind: Effects,
                            body: Spanned {
                                node: Ident(
                                    "pure",
                                ),
                                span: 10171..10185,
                            },
                            effect_variables: [],
                        },
                    ],
                },
            ),
            span: 9799..10185,
        },
        Spanned {
            node: FnDef(
                FnDef {
                    name: "check_code_length_bounds",
                    is_ghost: false,
                    is_lemma: false,
                    params: [
                        Param {
                            name: "code_len",
                            ty: Some(
                                Named(
                                    "Nat",
                                ),
                            ),
                        },
                        Param {
                            name: "max_code_len",
                            ty: Some(
                                Named(
                                    "Nat",
                                ),
                            ),
                        },
                        Param {
                            name: "root_bits",
                            ty: Some(
                                Named(
                                    "Nat",
                                ),
                            ),
                        },
                    ],
                    return_ty: Some(
                        Unit,
                    ),
                    clauses: [
                        Clause {
                            kind: Requires,
                            body: Spanned {
                                node: BinOp {
                                    lhs: Spanned {
                                        node: Ident(
                                            "code_len",
                                        ),
                                        span: 10340..10348,
                                    },
                                    op: Lte,
                                    rhs: Spanned {
                                        node: Ident(
                                            "max_code_len",
                                        ),
                                        span: 10351..10364,
                                    },
                                },
                                span: 10340..10364,
                            },
                            effect_variables: [],
                        },
                        Clause {
                            kind: Requires,
                            body: Spanned {
                                node: BinOp {
                                    lhs: Spanned {
                                        node: Ident(
                                            "max_code_len",
                                        ),
                                        span: 10378..10390,
                                    },
                                    op: Lte,
                                    rhs: Spanned {
                                        node: Ident(
                                            "MAX_CODE_LENGTH",
                                        ),
                                        span: 10393..10409,
                                    },
                                },
                                span: 10378..10409,
                            },
                            effect_variables: [],
                        },
                        Clause {
                            kind: Requires,
                            body: Spanned {
                                node: BinOp {
                                    lhs: Spanned {
                                        node: Ident(
                                            "root_bits",
                                        ),
                                        span: 10423..10432,
                                    },
                                    op: Lte,
                                    rhs: Spanned {
                                        node: Ident(
                                            "max_code_len",
                                        ),
                                        span: 10435..10448,
                                    },
                                },
                                span: 10423..10448,
                            },
                            effect_variables: [],
                        },
                        Clause {
                            kind: Ensures,
                            body: Spanned {
                                node: BinOp {
                                    lhs: Spanned {
                                        node: Ident(
                                            "code_len",
                                        ),
                                        span: 10462..10470,
                                    },
                                    op: Lte,
                                    rhs: Spanned {
                                        node: Ident(
                                            "MAX_CODE_LENGTH",
                                        ),
                                        span: 10473..10489,
                                    },
                                },
                                span: 10462..10489,
                            },
                            effect_variables: [],
                        },
                        Clause {
                            kind: Ensures,
                            body: Spanned {
                                node: BinOp {
                                    lhs: Spanned {
                                        node: Ident(
                                            "root_bits",
                                        ),
                                        span: 10503..10512,
                                    },
                                    op: Lte,
                                    rhs: Spanned {
                                        node: Ident(
                                            "MAX_CODE_LENGTH",
                                        ),
                                        span: 10515..10531,
                                    },
                                },
                                span: 10503..10531,
                            },
                            effect_variables: [],
                        },
                        Clause {
                            kind: Effects,
                            body: Spanned {
                                node: Ident(
                                    "pure",
                                ),
                                span: 10533..10547,
                            },
                            effect_variables: [],
                        },
                    ],
                },
            ),
            span: 10185..10547,
        },
        Spanned {
            node: FnDef(
                FnDef {
                    name: "decode_huffman_group",
                    is_ghost: false,
                    is_lemma: false,
                    params: [
                        Param {
                            name: "br",
                            ty: Some(
                                Named(
                                    "&mut BitReader",
                                ),
                            ),
                        },
                        Param {
                            name: "table_buf",
                            ty: Some(
                                Generic(
                                    "Region",
                                    [
                                        Named(
                                            "TOTAL_TABLE_SIZE",
                                        ),
                                    ],
                                ),
                            ),
                        },
                    ],
                    return_ty: Some(
                        Named(
                            "HuffmanGroup | DecodeError",
                        ),
                    ),
                    clauses: [
                        Clause {
                            kind: Effects,
                            body: Spanned {
                                node: Raw(
                                    [
                                        "io",
                                        ".",
                                        "read",
                                    ],
                                ),
                                span: 10936..10953,
                            },
                            effect_variables: [],
                        },
                    ],
                },
            ),
            span: 10547..11526,
        },
    ],
}
