---
source: crates/assura-parser/tests/snapshots.rs
expression: ast
---
SourceFile {
    project: None,
    module: None,
    imports: [],
    decls: [
        Spanned {
            node: TypeDef(
                TypeDef {
                    name: "Positive",
                    type_params: [],
                    body: Refined(
                        [
                            "n",
                            ":",
                            "Int",
                            "|",
                            "n",
                            ">",
                            "0",
                        ],
                    ),
                },
            ),
            span: 0..25,
        },
        Spanned {
            node: TypeDef(
                TypeDef {
                    name: "Bounded",
                    type_params: [
                        "T",
                    ],
                    body: Struct(
                        [
                            FieldDef {
                                name: "value",
                                ty: Some(
                                    Named(
                                        "T",
                                    ),
                                ),
                                is_pub: false,
                            },
                            FieldDef {
                                name: "min",
                                ty: Some(
                                    Named(
                                        "Int",
                                    ),
                                ),
                                is_pub: false,
                            },
                            FieldDef {
                                name: "max",
                                ty: Some(
                                    Named(
                                        "Int",
                                    ),
                                ),
                                is_pub: false,
                            },
                        ],
                    ),
                },
            ),
            span: 25..65,
        },
        Spanned {
            node: TypeDef(
                TypeDef {
                    name: "Pair",
                    type_params: [
                        "A",
                        "B",
                    ],
                    body: Struct(
                        [
                            FieldDef {
                                name: "first",
                                ty: Some(
                                    Named(
                                        "A",
                                    ),
                                ),
                                is_pub: false,
                            },
                            FieldDef {
                                name: "second",
                                ty: Some(
                                    Named(
                                        "B",
                                    ),
                                ),
                                is_pub: false,
                            },
                        ],
                    ),
                },
            ),
            span: 65..97,
        },
        Spanned {
            node: TypeDef(
                TypeDef {
                    name: "UserId",
                    type_params: [],
                    body: Alias(
                        [
                            "Nat",
                        ],
                    ),
                },
            ),
            span: 97..112,
        },
        Spanned {
            node: EnumDef(
                EnumDef {
                    name: "Option",
                    type_params: [
                        "T",
                    ],
                    variants: [
                        EnumVariant {
                            name: "Some",
                            fields: [
                                "T",
                            ],
                        },
                        EnumVariant {
                            name: "None",
                            fields: [],
                        },
                    ],
                },
            ),
            span: 112..139,
        },
        Spanned {
            node: EnumDef(
                EnumDef {
                    name: "Tree",
                    type_params: [
                        "T",
                    ],
                    variants: [
                        EnumVariant {
                            name: "Leaf",
                            fields: [
                                "T",
                            ],
                        },
                        EnumVariant {
                            name: "Node",
                            fields: [
                                "Tree",
                                "<",
                                "T",
                                ">",
                                "Tree",
                                "<",
                                "T",
                                ">",
                            ],
                        },
                    ],
                },
            ),
            span: 139..181,
        },
    ],
}
