---
source: crates/assura-parser/tests/snapshots.rs
assertion_line: 28
expression: ast
---
SourceFile {
    project: None,
    module: Some(
        ModuleDecl {
            path: [
                "imports",
                "test",
            ],
        },
    ),
    imports: [
        ImportDecl {
            path: [
                "std",
                "math",
            ],
            alias: None,
            items: [],
            span: 65..83,
        },
        ImportDecl {
            path: [
                "std",
                "collections",
            ],
            alias: None,
            items: [
                "List",
                "Map",
            ],
            span: 83..121,
        },
        ImportDecl {
            path: [
                "crypto",
                "hash",
            ],
            alias: Some(
                "hash",
            ),
            items: [],
            span: 121..149,
        },
    ],
    decls: [],
}
