---
source: crates/assura-parser/tests/snapshots.rs
assertion_line: 60
expression: ast
---
SourceFile {
    project: None,
    module: Some(
        ModuleDecl {
            path: [
                "test",
                "basic",
            ],
        },
    ),
    imports: [
        ImportDecl {
            path: [
                "std",
                "math",
            ],
            alias: None,
            items: [
                "abs",
            ],
            span: 138..164,
        },
    ],
    decls: [
        Spanned {
            node: Contract(
                ContractDecl {
                    name: "SafeDivision",
                    type_params: [],
                    clauses: [
                        Clause {
                            kind: Input,
                            body: Spanned {
                                node: Raw(
                                    [
                                        "a",
                                        ":",
                                        "Int",
                                        ",",
                                        "b",
                                        ":",
                                        "Int",
                                    ],
                                ),
                                span: 192..213,
                            },
                            effect_variables: [],
                        },
                        Clause {
                            kind: Output,
                            body: Spanned {
                                node: Raw(
                                    [
                                        "result",
                                        ":",
                                        "Int",
                                    ],
                                ),
                                span: 213..235,
                            },
                            effect_variables: [],
                        },
                        Clause {
                            kind: Requires,
                            body: Spanned {
                                node: BinOp {
                                    lhs: Spanned {
                                        node: Ident(
                                            "b",
                                        ),
                                        span: 250..251,
                                    },
                                    op: Neq,
                                    rhs: Spanned {
                                        node: Literal(
                                            Int(
                                                "0",
                                            ),
                                        ),
                                        span: 254..256,
                                    },
                                },
                                span: 250..256,
                            },
                            effect_variables: [],
                        },
                        Clause {
                            kind: Ensures,
                            body: Spanned {
                                node: BinOp {
                                    lhs: Spanned {
                                        node: BinOp {
                                            lhs: Spanned {
                                                node: BinOp {
                                                    lhs: Spanned {
                                                        node: Ident(
                                                            "result",
                                                        ),
                                                        span: 272..278,
                                                    },
                                                    op: Mul,
                                                    rhs: Spanned {
                                                        node: Ident(
                                                            "b",
                                                        ),
                                                        span: 280..282,
                                                    },
                                                },
                                                span: 272..282,
                                            },
                                            op: Add,
                                            rhs: Spanned {
                                                node: BinOp {
                                                    lhs: Spanned {
                                                        node: Ident(
                                                            "a",
                                                        ),
                                                        span: 286..287,
                                                    },
                                                    op: Mod,
                                                    rhs: Spanned {
                                                        node: Ident(
                                                            "b",
                                                        ),
                                                        span: 291..293,
                                                    },
                                                },
                                                span: 286..293,
                                            },
                                        },
                                        span: 272..293,
                                    },
                                    op: Eq,
                                    rhs: Spanned {
                                        node: Ident(
                                            "a",
                                        ),
                                        span: 297..299,
                                    },
                                },
                                span: 272..299,
                            },
                            effect_variables: [],
                        },
                        Clause {
                            kind: Ensures,
                            body: Spanned {
                                node: BinOp {
                                    lhs: Spanned {
                                        node: Call {
                                            func: Spanned {
                                                node: Ident(
                                                    "abs",
                                                ),
                                                span: 315..326,
                                            },
                                            args: [
                                                Spanned {
                                                    node: Ident(
                                                        "result",
                                                    ),
                                                    span: 319..325,
                                                },
                                            ],
                                        },
                                        span: 315..326,
                                    },
                                    op: Lte,
                                    rhs: Spanned {
                                        node: Call {
                                            func: Spanned {
                                                node: Ident(
                                                    "abs",
                                                ),
                                                span: 329..336,
                                            },
                                            args: [
                                                Spanned {
                                                    node: Ident(
                                                        "a",
                                                    ),
                                                    span: 334..335,
                                                },
                                            ],
                                        },
                                        span: 329..336,
                                    },
                                },
                                span: 315..336,
                            },
                            effect_variables: [],
                        },
                        Clause {
                            kind: Effects,
                            body: Spanned {
                                node: Ident(
                                    "pure",
                                ),
                                span: 338..358,
                            },
                            effect_variables: [],
                        },
                    ],
                    fn_params: [],
                },
            ),
            span: 164..360,
        },
        Spanned {
            node: Contract(
                ContractDecl {
                    name: "BoundedBuffer",
                    type_params: [],
                    clauses: [
                        Clause {
                            kind: Input,
                            body: Spanned {
                                node: Raw(
                                    [
                                        "buf",
                                        ":",
                                        "Bytes",
                                        ",",
                                        "offset",
                                        ":",
                                        "Nat",
                                        ",",
                                        "len",
                                        ":",
                                        "Nat",
                                    ],
                                ),
                                span: 389..429,
                            },
                            effect_variables: [],
                        },
                        Clause {
                            kind: Output,
                            body: Spanned {
                                node: Raw(
                                    [
                                        "data",
                                        ":",
                                        "Bytes",
                                    ],
                                ),
                                span: 429..451,
                            },
                            effect_variables: [],
                        },
                        Clause {
                            kind: Requires,
                            body: Spanned {
                                node: BinOp {
                                    lhs: Spanned {
                                        node: BinOp {
                                            lhs: Spanned {
                                                node: Ident(
                                                    "offset",
                                                ),
                                                span: 466..472,
                                            },
                                            op: Add,
                                            rhs: Spanned {
                                                node: Ident(
                                                    "len",
                                                ),
                                                span: 474..478,
                                            },
                                        },
                                        span: 466..478,
                                    },
                                    op: Lte,
                                    rhs: Spanned {
                                        node: MethodCall {
                                            receiver: Spanned {
                                                node: Ident(
                                                    "buf",
                                                ),
                                                span: 481..485,
                                            },
                                            method: "length",
                                            args: [],
                                        },
                                        span: 481..494,
                                    },
                                },
                                span: 466..494,
                            },
                            effect_variables: [],
                        },
                        Clause {
                            kind: Ensures,
                            body: Spanned {
                                node: BinOp {
                                    lhs: Spanned {
                                        node: MethodCall {
                                            receiver: Spanned {
                                                node: Ident(
                                                    "data",
                                                ),
                                                span: 510..514,
                                            },
                                            method: "length",
                                            args: [],
                                        },
                                        span: 510..523,
                                    },
                                    op: Eq,
                                    rhs: Spanned {
                                        node: Ident(
                                            "len",
                                        ),
                                        span: 526..530,
                                    },
                                },
                                span: 510..530,
                            },
                            effect_variables: [],
                        },
                        Clause {
                            kind: Effects,
                            body: Spanned {
                                node: Ident(
                                    "pure",
                                ),
                                span: 532..552,
                            },
                            effect_variables: [],
                        },
                        Clause {
                            kind: Invariant,
                            body: Spanned {
                                node: BinOp {
                                    lhs: Spanned {
                                        node: BinOp {
                                            lhs: Spanned {
                                                node: Ident(
                                                    "offset",
                                                ),
                                                span: 568..574,
                                            },
                                            op: Gte,
                                            rhs: Spanned {
                                                node: Literal(
                                                    Int(
                                                        "0",
                                                    ),
                                                ),
                                                span: 577..579,
                                            },
                                        },
                                        span: 568..579,
                                    },
                                    op: And,
                                    rhs: Spanned {
                                        node: BinOp {
                                            lhs: Spanned {
                                                node: Ident(
                                                    "len",
                                                ),
                                                span: 583..587,
                                            },
                                            op: Gte,
                                            rhs: Spanned {
                                                node: Literal(
                                                    Int(
                                                        "0",
                                                    ),
                                                ),
                                                span: 590..592,
                                            },
                                        },
                                        span: 583..592,
                                    },
                                },
                                span: 568..592,
                            },
                            effect_variables: [],
                        },
                    ],
                    fn_params: [],
                },
            ),
            span: 360..596,
        },
        Spanned {
            node: TypeDef(
                TypeDef {
                    name: "PositiveInt",
                    type_params: [],
                    body: Refined(
                        [
                            "n",
                            ":",
                            "Int",
                            "|",
                            "n",
                            ">",
                            "0",
                        ],
                    ),
                },
            ),
            span: 596..636,
        },
        Spanned {
            node: TypeDef(
                TypeDef {
                    name: "UserId",
                    type_params: [],
                    body: Refined(
                        [
                            "id",
                            ":",
                            "Nat",
                            "|",
                            "id",
                            ">",
                            "0",
                            "and",
                            "id",
                            "<",
                            "1000000",
                        ],
                    ),
                },
            ),
            span: 636..690,
        },
        Spanned {
            node: EnumDef(
                EnumDef {
                    name: "Color",
                    type_params: [],
                    variants: [
                        EnumVariant {
                            name: "Red",
                            fields: [],
                        },
                        EnumVariant {
                            name: "Green",
                            fields: [],
                        },
                        EnumVariant {
                            name: "Blue",
                            fields: [],
                        },
                    ],
                },
            ),
            span: 690..729,
        },
        Spanned {
            node: EnumDef(
                EnumDef {
                    name: "Result",
                    type_params: [
                        "T",
                    ],
                    variants: [
                        EnumVariant {
                            name: "Ok",
                            fields: [
                                "T",
                            ],
                        },
                        EnumVariant {
                            name: "Err",
                            fields: [
                                "String",
                            ],
                        },
                    ],
                },
            ),
            span: 729..772,
        },
        Spanned {
            node: Extern(
                ExternDecl {
                    name: "malloc",
                    params: [
                        Param {
                            name: "size",
                            ty: Some(
                                Named(
                                    "Nat",
                                ),
                            ),
                        },
                    ],
                    return_ty: Some(
                        Named(
                            "Bytes",
                        ),
                    ),
                    clauses: [
                        Clause {
                            kind: Requires,
                            body: Spanned {
                                node: BinOp {
                                    lhs: Spanned {
                                        node: Ident(
                                            "size",
                                        ),
                                        span: 824..828,
                                    },
                                    op: Gt,
                                    rhs: Spanned {
                                        node: Literal(
                                            Int(
                                                "0",
                                            ),
                                        ),
                                        span: 830..832,
                                    },
                                },
                                span: 824..832,
                            },
                            effect_variables: [],
                        },
                        Clause {
                            kind: Ensures,
                            body: Spanned {
                                node: BinOp {
                                    lhs: Spanned {
                                        node: MethodCall {
                                            receiver: Spanned {
                                                node: Ident(
                                                    "result",
                                                ),
                                                span: 848..854,
                                            },
                                            method: "length",
                                            args: [],
                                        },
                                        span: 848..863,
                                    },
                                    op: Eq,
                                    rhs: Spanned {
                                        node: Ident(
                                            "size",
                                        ),
                                        span: 866..871,
                                    },
                                },
                                span: 848..871,
                            },
                            effect_variables: [],
                        },
                        Clause {
                            kind: Effects,
                            body: Spanned {
                                node: Raw(
                                    [
                                        "mem",
                                        ".",
                                        "alloc",
                                    ],
                                ),
                                span: 873..898,
                            },
                            effect_variables: [],
                        },
                    ],
                },
            ),
            span: 772..899,
        },
        Spanned {
            node: Service(
                ServiceDecl {
                    name: "UserService",
                    items: [
                        TypeDef(
                            TypeDef {
                                name: "User",
                                type_params: [],
                                body: Struct(
                                    [
                                        FieldDef {
                                            name: "id",
                                            ty: Some(
                                                Named(
                                                    "UserId",
                                                ),
                                            ),
                                            is_pub: false,
                                        },
                                        FieldDef {
                                            name: "name",
                                            ty: Some(
                                                Named(
                                                    "String",
                                                ),
                                            ),
                                            is_pub: false,
                                        },
                                        FieldDef {
                                            name: "active",
                                            ty: Some(
                                                Named(
                                                    "Bool",
                                                ),
                                            ),
                                            is_pub: false,
                                        },
                                    ],
                                ),
                            },
                        ),
                        States(
                            [
                                "Created",
                                "Active",
                                "Suspended",
                                "Deleted",
                            ],
                        ),
                        Operation {
                            name: "CreateUser",
                            clauses: [
                                Clause {
                                    kind: Input,
                                    body: Spanned {
                                        node: Raw(
                                            [
                                                "name",
                                                ":",
                                                "String",
                                            ],
                                        ),
                                        span: 1071..1099,
                                    },
                                    effect_variables: [],
                                },
                                Clause {
                                    kind: Output,
                                    body: Spanned {
                                        node: Raw(
                                            [
                                                "user",
                                                ":",
                                                "User",
                                            ],
                                        ),
                                        span: 1099..1126,
                                    },
                                    effect_variables: [],
                                },
                                Clause {
                                    kind: Requires,
                                    body: Spanned {
                                        node: BinOp {
                                            lhs: Spanned {
                                                node: MethodCall {
                                                    receiver: Spanned {
                                                        node: Ident(
                                                            "name",
                                                        ),
                                                        span: 1140..1145,
                                                    },
                                                    method: "length",
                                                    args: [],
                                                },
                                                span: 1140..1154,
                                            },
                                            op: Gt,
                                            rhs: Spanned {
                                                node: Literal(
                                                    Int(
                                                        "0",
                                                    ),
                                                ),
                                                span: 1156..1158,
                                            },
                                        },
                                        span: 1140..1158,
                                    },
                                    effect_variables: [],
                                },
                                Clause {
                                    kind: Ensures,
                                    body: Spanned {
                                        node: BinOp {
                                            lhs: Spanned {
                                                node: Field(
                                                    Spanned {
                                                        node: Field(
                                                            Spanned {
                                                                node: Ident(
                                                                    "result",
                                                                ),
                                                                span: 1171..1178,
                                                            },
                                                            "user",
                                                        ),
                                                        span: 1171..1183,
                                                    },
                                                    "active",
                                                ),
                                                span: 1171..1190,
                                            },
                                            op: Eq,
                                            rhs: Spanned {
                                                node: Literal(
                                                    Bool(
                                                        true,
                                                    ),
                                                ),
                                                span: 1193..1198,
                                            },
                                        },
                                        span: 1171..1198,
                                    },
                                    effect_variables: [],
                                },
                                Clause {
                                    kind: Effects,
                                    body: Spanned {
                                        node: Raw(
                                            [
                                                "db",
                                                ".",
                                                "write",
                                                ",",
                                                "audit",
                                                ".",
                                                "log",
                                            ],
                                        ),
                                        span: 1198..1231,
                                    },
                                    effect_variables: [],
                                },
                            ],
                        },
                        Query {
                            name: "GetUser",
                            clauses: [
                                Clause {
                                    kind: Input,
                                    body: Spanned {
                                        node: Raw(
                                            [
                                                "id",
                                                ":",
                                                "UserId",
                                            ],
                                        ),
                                        span: 1254..1280,
                                    },
                                    effect_variables: [],
                                },
                                Clause {
                                    kind: Output,
                                    body: Spanned {
                                        node: Raw(
                                            [
                                                "user",
                                                ":",
                                                "User",
                                            ],
                                        ),
                                        span: 1280..1307,
                                    },
                                    effect_variables: [],
                                },
                                Clause {
                                    kind: Effects,
                                    body: Spanned {
                                        node: Raw(
                                            [
                                                "db",
                                                ".",
                                                "read",
                                            ],
                                        ),
                                        span: 1307..1328,
                                    },
                                    effect_variables: [],
                                },
                            ],
                        },
                        Invariant(
                            Spanned {
                                node: Raw(
                                    [
                                        "forall",
                                        "u",
                                        "in",
                                        "users",
                                        ":",
                                        "u",
                                        ".",
                                        "id",
                                        ">",
                                        "0",
                                    ],
                                ),
                                span: 1332..1377,
                            },
                        ),
                    ],
                },
            ),
            span: 899..1379,
        },
        Spanned {
            node: FnDef(
                FnDef {
                    name: "color_value",
                    is_ghost: false,
                    is_lemma: false,
                    params: [
                        Param {
                            name: "c",
                            ty: Some(
                                Named(
                                    "Color",
                                ),
                            ),
                        },
                    ],
                    return_ty: Some(
                        Named(
                            "Int",
                        ),
                    ),
                    clauses: [
                        Clause {
                            kind: Decreases,
                            body: Spanned {
                                node: Literal(
                                    Int(
                                        "0",
                                    ),
                                ),
                                span: 1480..1482,
                            },
                            effect_variables: [],
                        },
                        Clause {
                            kind: Ensures,
                            body: Spanned {
                                node: Match {
                                    scrutinee: Spanned {
                                        node: Ident(
                                            "c",
                                        ),
                                        span: 1504..1506,
                                    },
                                    arms: [
                                        MatchArm {
                                            pattern: Ident(
                                                "Red",
                                            ),
                                            body: Spanned {
                                                node: BinOp {
                                                    lhs: Spanned {
                                                        node: Ident(
                                                            "result",
                                                        ),
                                                        span: 1521..1528,
                                                    },
                                                    op: Eq,
                                                    rhs: Spanned {
                                                        node: Literal(
                                                            Int(
                                                                "1",
                                                            ),
                                                        ),
                                                        span: 1531..1533,
                                                    },
                                                },
                                                span: 1521..1533,
                                            },
                                        },
                                        MatchArm {
                                            pattern: Ident(
                                                "Green",
                                            ),
                                            body: Spanned {
                                                node: BinOp {
                                                    lhs: Spanned {
                                                        node: Ident(
                                                            "result",
                                                        ),
                                                        span: 1549..1556,
                                                    },
                                                    op: Eq,
                                                    rhs: Spanned {
                                                        node: Literal(
                                                            Int(
                                                                "2",
                                                            ),
                                                        ),
                                                        span: 1559..1561,
                                                    },
                                                },
                                                span: 1549..1561,
                                            },
                                        },
                                        MatchArm {
                                            pattern: Ident(
                                                "Blue",
                                            ),
                                            body: Spanned {
                                                node: BinOp {
                                                    lhs: Spanned {
                                                        node: Ident(
                                                            "result",
                                                        ),
                                                        span: 1576..1583,
                                                    },
                                                    op: Eq,
                                                    rhs: Spanned {
                                                        node: Literal(
                                                            Int(
                                                                "3",
                                                            ),
                                                        ),
                                                        span: 1586..1588,
                                                    },
                                                },
                                                span: 1576..1588,
                                            },
                                        },
                                        MatchArm {
                                            pattern: Wildcard,
                                            body: Spanned {
                                                node: Literal(
                                                    Bool(
                                                        true,
                                                    ),
                                                ),
                                                span: 1600..1605,
                                            },
                                        },
                                    ],
                                },
                                span: 1499..1612,
                            },
                            effect_variables: [],
                        },
                    ],
                },
            ),
            span: 1379..1616,
        },
        Spanned {
            node: FnDef(
                FnDef {
                    name: "fibonacci",
                    is_ghost: false,
                    is_lemma: false,
                    params: [
                        Param {
                            name: "n",
                            ty: Some(
                                Named(
                                    "Nat",
                                ),
                            ),
                        },
                    ],
                    return_ty: Some(
                        Named(
                            "Nat",
                        ),
                    ),
                    clauses: [
                        Clause {
                            kind: Requires,
                            body: Spanned {
                                node: BinOp {
                                    lhs: Spanned {
                                        node: Ident(
                                            "n",
                                        ),
                                        span: 1656..1658,
                                    },
                                    op: Gte,
                                    rhs: Spanned {
                                        node: Literal(
                                            Int(
                                                "0",
                                            ),
                                        ),
                                        span: 1661..1663,
                                    },
                                },
                                span: 1656..1663,
                            },
                            effect_variables: [],
                        },
                        Clause {
                            kind: Decreases,
                            body: Spanned {
                                node: Ident(
                                    "n",
                                ),
                                span: 1675..1677,
                            },
                            effect_variables: [],
                        },
                        Clause {
                            kind: Ensures,
                            body: Spanned {
                                node: BinOp {
                                    lhs: Spanned {
                                        node: Ident(
                                            "result",
                                        ),
                                        span: 1687..1694,
                                    },
                                    op: Gte,
                                    rhs: Spanned {
                                        node: Literal(
                                            Int(
                                                "0",
                                            ),
                                        ),
                                        span: 1697..1699,
                                    },
                                },
                                span: 1687..1699,
                            },
                            effect_variables: [],
                        },
                    ],
                },
            ),
            span: 1616..1699,
        },
    ],
}
