---
source: crates/assura-parser/tests/snapshots.rs
expression: ast
---
SourceFile {
    project: Some(
        ProjectDecl {
            name: "zlib_inflate",
            profile: [
                "core",
                "mem",
                "sec",
                "misc",
            ],
        },
    ),
    module: Some(
        ModuleDecl {
            path: [
                "inflate",
                "gzip",
            ],
        },
    ),
    imports: [],
    decls: [
        Spanned {
            node: TypeDef(
                TypeDef {
                    name: "GzipExtraBuffer",
                    type_params: [
                        "MaxLen",
                    ],
                    body: Struct(
                        [
                            FieldDef {
                                name: "data",
                                ty: [
                                    "Region",
                                    "<",
                                    "MaxLen",
                                    ">",
                                ],
                                parsed_type: Some(
                                    Generic(
                                        "Region",
                                        [
                                            Named(
                                                "MaxLen",
                                            ),
                                        ],
                                    ),
                                ),
                                is_pub: false,
                            },
                            FieldDef {
                                name: "extra_max",
                                ty: [
                                    "{",
                                    "v",
                                    ":",
                                    "Nat",
                                    "|",
                                    "v",
                                    "==",
                                    "MaxLen",
                                    "}",
                                ],
                                parsed_type: Some(
                                    Named(
                                        "{ v : Nat | v == MaxLen }",
                                    ),
                                ),
                                is_pub: false,
                            },
                            FieldDef {
                                name: "bytes_written",
                                ty: [
                                    "Nat",
                                ],
                                parsed_type: Some(
                                    Named(
                                        "Nat",
                                    ),
                                ),
                                is_pub: false,
                            },
                        ],
                    ),
                },
            ),
            span: 1190..1446,
        },
        Spanned {
            node: TypeDef(
                TypeDef {
                    name: "GzipHeader",
                    type_params: [],
                    body: Struct(
                        [
                            FieldDef {
                                name: "extra",
                                ty: [
                                    "GzipExtraBuffer",
                                    "<",
                                    "EXTRA_MAX",
                                    ">",
                                ],
                                parsed_type: Some(
                                    Generic(
                                        "GzipExtraBuffer",
                                        [
                                            Named(
                                                "EXTRA_MAX",
                                            ),
                                        ],
                                    ),
                                ),
                                is_pub: false,
                            },
                            FieldDef {
                                name: "name",
                                ty: [
                                    "Option",
                                    "<",
                                    "String",
                                    ">",
                                ],
                                parsed_type: Some(
                                    Generic(
                                        "Option",
                                        [
                                            Named(
                                                "String",
                                            ),
                                        ],
                                    ),
                                ),
                                is_pub: false,
                            },
                            FieldDef {
                                name: "comment",
                                ty: [
                                    "Option",
                                    "<",
                                    "String",
                                    ">",
                                ],
                                parsed_type: Some(
                                    Generic(
                                        "Option",
                                        [
                                            Named(
                                                "String",
                                            ),
                                        ],
                                    ),
                                ),
                                is_pub: false,
                            },
                            FieldDef {
                                name: "done",
                                ty: [
                                    "Bool",
                                ],
                                parsed_type: Some(
                                    Named(
                                        "Bool",
                                    ),
                                ),
                                is_pub: false,
                            },
                        ],
                    ),
                },
            ),
            span: 1448..1568,
        },
        Spanned {
            node: FnDef(
                FnDef {
                    name: "read_u16_le",
                    is_ghost: false,
                    is_lemma: false,
                    params: [
                        Param {
                            name: "stream",
                            ty: [
                                "&mut",
                                "InflateStream",
                            ],
                            parsed_type: Some(
                                Named(
                                    "&mut InflateStream",
                                ),
                            ),
                        },
                    ],
                    return_ty: [
                        "U16",
                        "@",
                        "taint",
                        ":",
                        "untrusted",
                    ],
                    return_type_expr: Some(
                        Named(
                            "U16 @ taint : untrusted",
                        ),
                    ),
                    clauses: [
                        Clause {
                            kind: Effects,
                            body: Raw(
                                [
                                    "io",
                                    ".",
                                    "read",
                                ],
                            ),
                        },
                    ],
                },
            ),
            span: 2053..2138,
        },
        Spanned {
            node: TypeDef(
                TypeDef {
                    name: "ValidXlen",
                    type_params: [],
                    body: Struct(
                        [
                            FieldDef {
                                name: "value",
                                ty: [
                                    "U16",
                                    "@",
                                    "taint",
                                    ":",
                                    "validated",
                                ],
                                parsed_type: Some(
                                    Named(
                                        "U16 @ taint : validated",
                                    ),
                                ),
                                is_pub: false,
                            },
                            FieldDef {
                                name: "capped_len",
                                ty: [
                                    "{",
                                    "v",
                                    ":",
                                    "Nat",
                                    "|",
                                    "v",
                                    "<=",
                                    "EXTRA_MAX",
                                    "}",
                                ],
                                parsed_type: Some(
                                    Named(
                                        "{ v : Nat | v <= EXTRA_MAX }",
                                    ),
                                ),
                                is_pub: false,
                            },
                        ],
                    ),
                },
            ),
            span: 2211..2300,
        },
        Spanned {
            node: FnDef(
                FnDef {
                    name: "validate_xlen",
                    is_ghost: false,
                    is_lemma: false,
                    params: [
                        Param {
                            name: "raw_xlen",
                            ty: [
                                "U16",
                                "@",
                                "taint",
                                ":",
                                "untrusted",
                            ],
                            parsed_type: Some(
                                Named(
                                    "U16 @ taint : untrusted",
                                ),
                            ),
                        },
                        Param {
                            name: "extra_max",
                            ty: [
                                "Nat",
                            ],
                            parsed_type: Some(
                                Named(
                                    "Nat",
                                ),
                            ),
                        },
                    ],
                    return_ty: [
                        "ValidXlen",
                        "@",
                        "taint",
                        ":",
                        "validated",
                    ],
                    return_type_expr: Some(
                        Named(
                            "ValidXlen @ taint : validated",
                        ),
                    ),
                    clauses: [
                        Clause {
                            kind: Effects,
                            body: Raw(
                                [
                                    "pure",
                                ],
                            ),
                        },
                    ],
                },
            ),
            span: 2302..2841,
        },
        Spanned {
            node: Contract(
                ContractDecl {
                    name: "InflateExtraFieldContract",
                    type_params: [],
                    clauses: [],
                },
            ),
            span: 3331..4168,
        },
        Spanned {
            node: FnDef(
                FnDef {
                    name: "zmemcpy_safe",
                    is_ghost: false,
                    is_lemma: false,
                    params: [
                        Param {
                            name: "dst",
                            ty: [
                                "Region",
                                "<",
                                "DstSize",
                                ">",
                            ],
                            parsed_type: Some(
                                Generic(
                                    "Region",
                                    [
                                        Named(
                                            "DstSize",
                                        ),
                                    ],
                                ),
                            ),
                        },
                        Param {
                            name: "dst_offset",
                            ty: [
                                "{",
                                "off",
                                ":",
                                "Nat",
                                "|",
                                "off",
                                "<=",
                                "DstSize",
                                "}",
                            ],
                            parsed_type: Some(
                                Named(
                                    "{ off : Nat | off <= DstSize }",
                                ),
                            ),
                        },
                        Param {
                            name: "src",
                            ty: [
                                "&",
                                "[",
                                "U8",
                                "]",
                            ],
                            parsed_type: Some(
                                Named(
                                    "& [ U8 ]",
                                ),
                            ),
                        },
                        Param {
                            name: "len",
                            ty: [
                                "{",
                                "n",
                                ":",
                                "Nat",
                                "|",
                                "dst_offset",
                                "+",
                                "n",
                                "<=",
                                "DstSize",
                                "and",
                                "n",
                                "<=",
                                "src",
                                ".",
                                "len",
                                "(",
                                ")",
                                "}",
                            ],
                            parsed_type: Some(
                                Named(
                                    "{ n : Nat | dst_offset + n <= DstSize and n <= src . len ( ) }",
                                ),
                            ),
                        },
                    ],
                    return_ty: [
                        "Region",
                        "<",
                        "DstSize",
                        ">",
                    ],
                    return_type_expr: Some(
                        Generic(
                            "Region",
                            [
                                Named(
                                    "DstSize",
                                ),
                            ],
                        ),
                    ),
                    clauses: [
                        Clause {
                            kind: Modifies,
                            body: Ident(
                                "dst",
                            ),
                        },
                        Clause {
                            kind: Effects,
                            body: Raw(
                                [
                                    "pure",
                                    "incremental",
                                    "InflateDecoder",
                                ],
                            ),
                        },
                    ],
                },
            ),
            span: 4575..7449,
        },
        Spanned {
            node: FnDef(
                FnDef {
                    name: "inflate_extra_field_step",
                    is_ghost: false,
                    is_lemma: false,
                    params: [
                        Param {
                            name: "state",
                            ty: [
                                "&mut",
                                "InflateDecoder",
                            ],
                            parsed_type: Some(
                                Named(
                                    "&mut InflateDecoder",
                                ),
                            ),
                        },
                        Param {
                            name: "input",
                            ty: [
                                "&",
                                "[",
                                "U8",
                                "]",
                            ],
                            parsed_type: Some(
                                Named(
                                    "& [ U8 ]",
                                ),
                            ),
                        },
                    ],
                    return_ty: [
                        "InflateStepResult",
                    ],
                    return_type_expr: Some(
                        Named(
                            "InflateStepResult",
                        ),
                    ),
                    clauses: [
                        Clause {
                            kind: Requires,
                            body: Raw(
                                [
                                    "state",
                                    ".",
                                    "state",
                                    "@",
                                    "ExtraField",
                                    ",",
                                    "state",
                                    ".",
                                    "extra_bytes_copied",
                                    "<=",
                                    "state",
                                    ".",
                                    "head",
                                    ".",
                                    "extra",
                                    ".",
                                    "extra_max",
                                ],
                            ),
                        },
                        Clause {
                            kind: Modifies,
                            body: Raw(
                                [
                                    "state",
                                    ".",
                                    "head",
                                    ".",
                                    "extra",
                                    ".",
                                    "data",
                                    ",",
                                    "state",
                                    ".",
                                    "extra_bytes_copied",
                                    ",",
                                    "state",
                                    ".",
                                    "extra_bytes_remaining",
                                ],
                            ),
                        },
                        Clause {
                            kind: Ensures,
                            body: BinOp {
                                lhs: Field(
                                    Ident(
                                        "state",
                                    ),
                                    "extra_bytes_copied",
                                ),
                                op: Lte,
                                rhs: Field(
                                    Field(
                                        Field(
                                            Ident(
                                                "state",
                                            ),
                                            "head",
                                        ),
                                        "extra",
                                    ),
                                    "extra_max",
                                ),
                            },
                        },
                        Clause {
                            kind: Effects,
                            body: Raw(
                                [
                                    "pure",
                                ],
                            ),
                        },
                    ],
                },
            ),
            span: 7690..9080,
        },
    ],
}
