---
source: crates/assura-parser/tests/snapshots.rs
expression: ast
---
SourceFile {
    project: Some(
        ProjectDecl {
            name: "zlib_inflate",
            profile: [
                "core",
                "mem",
                "sec",
                "misc",
            ],
        },
    ),
    module: Some(
        ModuleDecl {
            path: [
                "inflate",
                "gzip",
            ],
        },
    ),
    imports: [],
    decls: [
        Spanned {
            node: Block {
                kind: FeatureMax,
                name: "EXTRA_BUFFER_CAP",
                value: Some(
                    [
                        ":",
                        "Nat",
                        "=",
                        "65535",
                    ],
                ),
                body: [],
            },
            span: 1072..1258,
        },
        Spanned {
            node: TypeDef(
                TypeDef {
                    name: "GzipExtraBuffer",
                    type_params: [
                        "MaxLen",
                    ],
                    body: Struct(
                        [
                            FieldDef {
                                name: "data",
                                ty: Some(
                                    Generic(
                                        "Region",
                                        [
                                            Named(
                                                "MaxLen",
                                            ),
                                        ],
                                    ),
                                ),
                                is_pub: false,
                            },
                            FieldDef {
                                name: "extra_max",
                                ty: Some(
                                    Refined {
                                        base: Named(
                                            "Nat",
                                        ),
                                        predicate: "v == MaxLen",
                                    },
                                ),
                                is_pub: false,
                            },
                        ],
                    ),
                },
            ),
            span: 1258..1732,
        },
        Spanned {
            node: TypeDef(
                TypeDef {
                    name: "GzipHeader",
                    type_params: [],
                    body: Struct(
                        [
                            FieldDef {
                                name: "extra",
                                ty: Some(
                                    Generic(
                                        "GzipExtraBuffer",
                                        [
                                            Named(
                                                "EXTRA_MAX",
                                            ),
                                        ],
                                    ),
                                ),
                                is_pub: false,
                            },
                            FieldDef {
                                name: "name",
                                ty: Some(
                                    Generic(
                                        "Option",
                                        [
                                            Named(
                                                "String",
                                            ),
                                        ],
                                    ),
                                ),
                                is_pub: false,
                            },
                            FieldDef {
                                name: "comment",
                                ty: Some(
                                    Generic(
                                        "Option",
                                        [
                                            Named(
                                                "String",
                                            ),
                                        ],
                                    ),
                                ),
                                is_pub: false,
                            },
                            FieldDef {
                                name: "done",
                                ty: Some(
                                    Named(
                                        "Bool",
                                    ),
                                ),
                                is_pub: false,
                            },
                        ],
                    ),
                },
            ),
            span: 1732..1862,
        },
        Spanned {
            node: FnDef(
                FnDef {
                    name: "read_u16_le",
                    is_ghost: false,
                    is_lemma: false,
                    params: [
                        Param {
                            name: "stream",
                            ty: Some(
                                Named(
                                    "&mut InflateStream",
                                ),
                            ),
                        },
                    ],
                    return_ty: Some(
                        Named(
                            "U16",
                        ),
                    ),
                    clauses: [
                        Clause {
                            kind: Effects,
                            body: Spanned {
                                node: Raw(
                                    [
                                        "io",
                                        ".",
                                        "read",
                                    ],
                                ),
                                span: 2413..2430,
                            },
                            effect_variables: [],
                        },
                    ],
                },
            ),
            span: 1862..2430,
        },
        Spanned {
            node: TypeDef(
                TypeDef {
                    name: "ValidXlen",
                    type_params: [],
                    body: Struct(
                        [
                            FieldDef {
                                name: "value",
                                ty: Some(
                                    Named(
                                        "U16",
                                    ),
                                ),
                                is_pub: false,
                            },
                            FieldDef {
                                name: "capped_len",
                                ty: Some(
                                    Refined {
                                        base: Named(
                                            "Nat",
                                        ),
                                        predicate: "v <= EXTRA_MAX",
                                    },
                                ),
                                is_pub: false,
                            },
                        ],
                    ),
                },
            ),
            span: 2430..2596,
        },
        Spanned {
            node: FnDef(
                FnDef {
                    name: "validate_xlen",
                    is_ghost: false,
                    is_lemma: false,
                    params: [
                        Param {
                            name: "raw_xlen",
                            ty: Some(
                                Named(
                                    "U16",
                                ),
                            ),
                        },
                        Param {
                            name: "extra_max",
                            ty: Some(
                                Named(
                                    "Nat",
                                ),
                            ),
                        },
                    ],
                    return_ty: Some(
                        Named(
                            "ValidXlen",
                        ),
                    ),
                    clauses: [
                        Clause {
                            kind: Effects,
                            body: Spanned {
                                node: Ident(
                                    "pure",
                                ),
                                span: 2694..2708,
                            },
                            effect_variables: [],
                        },
                    ],
                },
            ),
            span: 2596..3153,
        },
        Spanned {
            node: Contract(
                ContractDecl {
                    name: "InflateExtraFieldContract",
                    type_params: [],
                    clauses: [
                        Clause {
                            kind: Output,
                            body: Spanned {
                                node: Raw(
                                    [
                                        "result",
                                        ":",
                                        "Nat",
                                    ],
                                ),
                                span: 0..0,
                            },
                            effect_variables: [],
                        },
                    ],
                    fn_params: [
                        Param {
                            name: "head",
                            ty: Some(
                                Named(
                                    "&mut GzipHeader",
                                ),
                            ),
                        },
                        Param {
                            name: "stream",
                            ty: Some(
                                Named(
                                    "& InflateStream",
                                ),
                            ),
                        },
                        Param {
                            name: "xlen",
                            ty: Some(
                                Named(
                                    "ValidXlen",
                                ),
                            ),
                        },
                        Param {
                            name: "available",
                            ty: Some(
                                Named(
                                    "Nat",
                                ),
                            ),
                        },
                    ],
                },
            ),
            span: 3153..4490,
        },
        Spanned {
            node: FnDef(
                FnDef {
                    name: "zmemcpy_safe",
                    is_ghost: false,
                    is_lemma: false,
                    params: [
                        Param {
                            name: "dst",
                            ty: Some(
                                Generic(
                                    "Region",
                                    [
                                        Named(
                                            "DstSize",
                                        ),
                                    ],
                                ),
                            ),
                        },
                        Param {
                            name: "dst_offset",
                            ty: Some(
                                Refined {
                                    base: Named(
                                        "Nat",
                                    ),
                                    predicate: "off <= DstSize",
                                },
                            ),
                        },
                        Param {
                            name: "src",
                            ty: Some(
                                Named(
                                    "& [ U8 ]",
                                ),
                            ),
                        },
                        Param {
                            name: "len",
                            ty: Some(
                                Refined {
                                    base: Named(
                                        "Nat",
                                    ),
                                    predicate: "dst_offset + n <= DstSize and n <= src . len ( )",
                                },
                            ),
                        },
                    ],
                    return_ty: Some(
                        Generic(
                            "Region",
                            [
                                Named(
                                    "DstSize",
                                ),
                            ],
                        ),
                    ),
                    clauses: [
                        Clause {
                            kind: Modifies,
                            body: Spanned {
                                node: Ident(
                                    "dst",
                                ),
                                span: 5070..5087,
                            },
                            effect_variables: [],
                        },
                        Clause {
                            kind: Effects,
                            body: Spanned {
                                node: Ident(
                                    "pure",
                                ),
                                span: 5087..5101,
                            },
                            effect_variables: [],
                        },
                    ],
                },
            ),
            span: 4490..5101,
        },
        Spanned {
            node: Block {
                kind: Incremental,
                name: "InflateDecoder",
                value: None,
                body: [
                    Clause {
                        kind: Other(
                            "yields",
                        ),
                        body: Spanned {
                            node: Ident(
                                "InflateChunk",
                            ),
                            span: 5863..5883,
                        },
                        effect_variables: [],
                    },
                    Clause {
                        kind: Other(
                            "completes",
                        ),
                        body: Spanned {
                            node: Ident(
                                "InflateResult",
                            ),
                            span: 5883..5912,
                        },
                        effect_variables: [],
                    },
                    Clause {
                        kind: Other(
                            "states",
                        ),
                        body: Spanned {
                            node: Raw(
                                [
                                    "Init",
                                    ",",
                                    "Header",
                                    ",",
                                    "ExtraField",
                                    ",",
                                    "Name",
                                    ",",
                                    "Comment",
                                    ",",
                                    "HdrCheck",
                                    ",",
                                    "Data",
                                    ",",
                                    "Done",
                                ],
                            ),
                            span: 5912..5990,
                        },
                        effect_variables: [],
                    },
                    Clause {
                        kind: Other(
                            "transition",
                        ),
                        body: Spanned {
                            node: Raw(
                                [
                                    "Init",
                                    "->",
                                    "Header",
                                    "via",
                                    "step",
                                ],
                            ),
                            span: 5990..6083,
                        },
                        effect_variables: [],
                    },
                    Clause {
                        kind: Other(
                            "transition",
                        ),
                        body: Spanned {
                            node: Raw(
                                [
                                    "Header",
                                    "->",
                                    "ExtraField",
                                    "via",
                                    "step",
                                ],
                            ),
                            span: 6083..6128,
                        },
                        effect_variables: [],
                    },
                    Clause {
                        kind: Other(
                            "transition",
                        ),
                        body: Spanned {
                            node: Raw(
                                [
                                    "Header",
                                    "->",
                                    "Name",
                                    "via",
                                    "step",
                                ],
                            ),
                            span: 6128..6193,
                        },
                        effect_variables: [],
                    },
                    Clause {
                        kind: Other(
                            "transition",
                        ),
                        body: Spanned {
                            node: Raw(
                                [
                                    "ExtraField",
                                    "->",
                                    "ExtraField",
                                    "via",
                                    "step",
                                ],
                            ),
                            span: 6193..6280,
                        },
                        effect_variables: [],
                    },
                    Clause {
                        kind: Other(
                            "transition",
                        ),
                        body: Spanned {
                            node: Raw(
                                [
                                    "ExtraField",
                                    "->",
                                    "Name",
                                    "via",
                                    "step",
                                ],
                            ),
                            span: 6280..6354,
                        },
                        effect_variables: [],
                    },
                    Clause {
                        kind: Other(
                            "transition",
                        ),
                        body: Spanned {
                            node: Raw(
                                [
                                    "Name",
                                    "->",
                                    "Comment",
                                    "via",
                                    "step",
                                ],
                            ),
                            span: 6354..6424,
                        },
                        effect_variables: [],
                    },
                    Clause {
                        kind: Other(
                            "transition",
                        ),
                        body: Spanned {
                            node: Raw(
                                [
                                    "Comment",
                                    "->",
                                    "HdrCheck",
                                    "via",
                                    "step",
                                ],
                            ),
                            span: 6424..6468,
                        },
                        effect_variables: [],
                    },
                    Clause {
                        kind: Other(
                            "transition",
                        ),
                        body: Spanned {
                            node: Raw(
                                [
                                    "HdrCheck",
                                    "->",
                                    "Data",
                                    "via",
                                    "step",
                                ],
                            ),
                            span: 6468..6509,
                        },
                        effect_variables: [],
                    },
                    Clause {
                        kind: Other(
                            "transition",
                        ),
                        body: Spanned {
                            node: Raw(
                                [
                                    "Data",
                                    "->",
                                    "Data",
                                    "via",
                                    "step",
                                ],
                            ),
                            span: 6509..6546,
                        },
                        effect_variables: [],
                    },
                    Clause {
                        kind: Other(
                            "transition",
                        ),
                        body: Spanned {
                            node: Raw(
                                [
                                    "Data",
                                    "->",
                                    "Done",
                                    "via",
                                    "step",
                                ],
                            ),
                            span: 6546..6612,
                        },
                        effect_variables: [],
                    },
                    Clause {
                        kind: Invariant,
                        body: Spanned {
                            node: Field(
                                Spanned {
                                    node: Ident(
                                        "self",
                                    ),
                                    span: 6778..6782,
                                },
                                "state",
                            ),
                            span: 6778..6788,
                        },
                        effect_variables: [],
                    },
                    Clause {
                        kind: Other(
                            "on",
                        ),
                        body: Spanned {
                            node: Raw(
                                [
                                    "step",
                                    "requires",
                                    "{",
                                    "self",
                                    ".",
                                    "state",
                                    "!=",
                                    "Done",
                                    "}",
                                    "ensures",
                                    "{",
                                    "old",
                                    "(",
                                    "self",
                                    ".",
                                    "state",
                                    ")",
                                    "@",
                                    "ExtraField",
                                    "and",
                                    "self",
                                    ".",
                                    "state",
                                    "@",
                                    "ExtraField",
                                    "=>",
                                    "self",
                                    ".",
                                    "extra_bytes_copied",
                                    ">",
                                    "old",
                                    "(",
                                    "self",
                                    ".",
                                    "extra_bytes_copied",
                                    ")",
                                    "and",
                                    "self",
                                    ".",
                                    "extra_bytes_copied",
                                    "<=",
                                    "self",
                                    ".",
                                    "head",
                                    ".",
                                    "extra",
                                    ".",
                                    "extra_max",
                                    "}",
                                    "ensures",
                                    "{",
                                    "old",
                                    "(",
                                    "self",
                                    ".",
                                    "state",
                                    ")",
                                    "@",
                                    "ExtraField",
                                    "and",
                                    "self",
                                    ".",
                                    "state",
                                    "@",
                                    "Name",
                                    "=>",
                                    "self",
                                    ".",
                                    "extra_bytes_copied",
                                    "==",
                                    "self",
                                    ".",
                                    "validated_xlen",
                                    ".",
                                    "capped_len",
                                    "and",
                                    "self",
                                    ".",
                                    "extra_bytes_copied",
                                    "<=",
                                    "self",
                                    ".",
                                    "head",
                                    ".",
                                    "extra",
                                    ".",
                                    "extra_max",
                                    "}",
                                    "effects",
                                    ":",
                                    "io",
                                    ".",
                                    "read",
                                ],
                            ),
                            span: 6978..7757,
                        },
                        effect_variables: [],
                    },
                    Clause {
                        kind: Other(
                            "on",
                        ),
                        body: Spanned {
                            node: Raw(
                                [
                                    "abort",
                                    "requires",
                                    "{",
                                    "self",
                                    ".",
                                    "state",
                                    "!=",
                                    "Done",
                                    "}",
                                    "ensures",
                                    "{",
                                    "self",
                                    ".",
                                    "state",
                                    "@",
                                    "Done",
                                    "}",
                                    "effects",
                                    ":",
                                    "pure",
                                ],
                            ),
                            span: 7757..7879,
                        },
                        effect_variables: [],
                    },
                ],
            },
            span: 5101..7881,
        },
        Spanned {
            node: FnDef(
                FnDef {
                    name: "inflate_extra_field_step",
                    is_ghost: false,
                    is_lemma: false,
                    params: [
                        Param {
                            name: "state",
                            ty: Some(
                                Named(
                                    "&mut InflateDecoder",
                                ),
                            ),
                        },
                        Param {
                            name: "input",
                            ty: Some(
                                Named(
                                    "& [ U8 ]",
                                ),
                            ),
                        },
                    ],
                    return_ty: Some(
                        Named(
                            "InflateStepResult",
                        ),
                    ),
                    clauses: [
                        Clause {
                            kind: Requires,
                            body: Spanned {
                                node: Field(
                                    Spanned {
                                        node: Ident(
                                            "state",
                                        ),
                                        span: 8230..8235,
                                    },
                                    "state",
                                ),
                                span: 8230..8241,
                            },
                            effect_variables: [],
                        },
                        Clause {
                            kind: Requires,
                            body: Spanned {
                                node: BinOp {
                                    lhs: Spanned {
                                        node: Field(
                                            Spanned {
                                                node: Ident(
                                                    "state",
                                                ),
                                                span: 8272..8277,
                                            },
                                            "extra_bytes_copied",
                                        ),
                                        span: 8272..8296,
                                    },
                                    op: Lte,
                                    rhs: Spanned {
                                        node: Field(
                                            Spanned {
                                                node: Field(
                                                    Spanned {
                                                        node: Field(
                                                            Spanned {
                                                                node: Ident(
                                                                    "state",
                                                                ),
                                                                span: 8299..8305,
                                                            },
                                                            "head",
                                                        ),
                                                        span: 8299..8310,
                                                    },
                                                    "extra",
                                                ),
                                                span: 8299..8316,
                                            },
                                            "extra_max",
                                        ),
                                        span: 8299..8326,
                                    },
                                },
                                span: 8272..8326,
                            },
                            effect_variables: [],
                        },
                        Clause {
                            kind: Modifies,
                            body: Spanned {
                                node: Raw(
                                    [
                                        "state",
                                        ".",
                                        "head",
                                        ".",
                                        "extra",
                                        ".",
                                        "data",
                                        ",",
                                        "state",
                                        ".",
                                        "extra_bytes_copied",
                                        ",",
                                        "state",
                                        ".",
                                        "extra_bytes_remaining",
                                    ],
                                ),
                                span: 8328..8422,
                            },
                            effect_variables: [],
                        },
                        Clause {
                            kind: Ensures,
                            body: Spanned {
                                node: BinOp {
                                    lhs: Spanned {
                                        node: Field(
                                            Spanned {
                                                node: Ident(
                                                    "state",
                                                ),
                                                span: 8503..8508,
                                            },
                                            "extra_bytes_copied",
                                        ),
                                        span: 8503..8527,
                                    },
                                    op: Lte,
                                    rhs: Spanned {
                                        node: Field(
                                            Spanned {
                                                node: Field(
                                                    Spanned {
                                                        node: Field(
                                                            Spanned {
                                                                node: Ident(
                                                                    "state",
                                                                ),
                                                                span: 8530..8536,
                                                            },
                                                            "head",
                                                        ),
                                                        span: 8530..8541,
                                                    },
                                                    "extra",
                                                ),
                                                span: 8530..8547,
                                            },
                                            "extra_max",
                                        ),
                                        span: 8530..8557,
                                    },
                                },
                                span: 8503..8557,
                            },
                            effect_variables: [],
                        },
                        Clause {
                            kind: Effects,
                            body: Spanned {
                                node: Ident(
                                    "pure",
                                ),
                                span: 8559..8573,
                            },
                            effect_variables: [],
                        },
                    ],
                },
            ),
            span: 7881..9545,
        },
        Spanned {
            node: FnDef(
                FnDef {
                    name: "check_extra_max_bound",
                    is_ghost: false,
                    is_lemma: false,
                    params: [
                        Param {
                            name: "written",
                            ty: Some(
                                Named(
                                    "Nat",
                                ),
                            ),
                        },
                        Param {
                            name: "chunk",
                            ty: Some(
                                Named(
                                    "Nat",
                                ),
                            ),
                        },
                    ],
                    return_ty: Some(
                        Unit,
                    ),
                    clauses: [
                        Clause {
                            kind: Requires,
                            body: Spanned {
                                node: BinOp {
                                    lhs: Spanned {
                                        node: Ident(
                                            "written",
                                        ),
                                        span: 11268..11275,
                                    },
                                    op: Lte,
                                    rhs: Spanned {
                                        node: Ident(
                                            "EXTRA_BUFFER_CAP",
                                        ),
                                        span: 11278..11295,
                                    },
                                },
                                span: 11268..11295,
                            },
                            effect_variables: [],
                        },
                        Clause {
                            kind: Requires,
                            body: Spanned {
                                node: BinOp {
                                    lhs: Spanned {
                                        node: Ident(
                                            "chunk",
                                        ),
                                        span: 11309..11314,
                                    },
                                    op: Lte,
                                    rhs: Spanned {
                                        node: Ident(
                                            "EXTRA_BUFFER_CAP",
                                        ),
                                        span: 11317..11334,
                                    },
                                },
                                span: 11309..11334,
                            },
                            effect_variables: [],
                        },
                        Clause {
                            kind: Requires,
                            body: Spanned {
                                node: BinOp {
                                    lhs: Spanned {
                                        node: BinOp {
                                            lhs: Spanned {
                                                node: Ident(
                                                    "written",
                                                ),
                                                span: 11348..11355,
                                            },
                                            op: Add,
                                            rhs: Spanned {
                                                node: Ident(
                                                    "chunk",
                                                ),
                                                span: 11357..11363,
                                            },
                                        },
                                        span: 11348..11363,
                                    },
                                    op: Lte,
                                    rhs: Spanned {
                                        node: Ident(
                                            "EXTRA_BUFFER_CAP",
                                        ),
                                        span: 11366..11383,
                                    },
                                },
                                span: 11348..11383,
                            },
                            effect_variables: [],
                        },
                        Clause {
                            kind: Ensures,
                            body: Spanned {
                                node: BinOp {
                                    lhs: Spanned {
                                        node: BinOp {
                                            lhs: Spanned {
                                                node: Ident(
                                                    "written",
                                                ),
                                                span: 11397..11404,
                                            },
                                            op: Add,
                                            rhs: Spanned {
                                                node: Ident(
                                                    "chunk",
                                                ),
                                                span: 11406..11412,
                                            },
                                        },
                                        span: 11397..11412,
                                    },
                                    op: Lte,
                                    rhs: Spanned {
                                        node: Literal(
                                            Int(
                                                "65535",
                                            ),
                                        ),
                                        span: 11415..11421,
                                    },
                                },
                                span: 11397..11421,
                            },
                            effect_variables: [],
                        },
                        Clause {
                            kind: Effects,
                            body: Spanned {
                                node: Ident(
                                    "pure",
                                ),
                                span: 11423..11437,
                            },
                            effect_variables: [],
                        },
                    ],
                },
            ),
            span: 9545..11437,
        },
        Spanned {
            node: FnDef(
                FnDef {
                    name: "check_xlen_cap",
                    is_ghost: false,
                    is_lemma: false,
                    params: [
                        Param {
                            name: "raw_xlen",
                            ty: Some(
                                Named(
                                    "Nat",
                                ),
                            ),
                        },
                        Param {
                            name: "extra_max",
                            ty: Some(
                                Named(
                                    "Nat",
                                ),
                            ),
                        },
                    ],
                    return_ty: Some(
                        Unit,
                    ),
                    clauses: [
                        Clause {
                            kind: Requires,
                            body: Spanned {
                                node: BinOp {
                                    lhs: Spanned {
                                        node: Ident(
                                            "extra_max",
                                        ),
                                        span: 11499..11508,
                                    },
                                    op: Eq,
                                    rhs: Spanned {
                                        node: Ident(
                                            "EXTRA_BUFFER_CAP",
                                        ),
                                        span: 11511..11528,
                                    },
                                },
                                span: 11499..11528,
                            },
                            effect_variables: [],
                        },
                        Clause {
                            kind: Requires,
                            body: Spanned {
                                node: BinOp {
                                    lhs: Spanned {
                                        node: Ident(
                                            "raw_xlen",
                                        ),
                                        span: 11542..11550,
                                    },
                                    op: Lte,
                                    rhs: Spanned {
                                        node: Ident(
                                            "extra_max",
                                        ),
                                        span: 11553..11563,
                                    },
                                },
                                span: 11542..11563,
                            },
                            effect_variables: [],
                        },
                        Clause {
                            kind: Ensures,
                            body: Spanned {
                                node: BinOp {
                                    lhs: Spanned {
                                        node: Ident(
                                            "raw_xlen",
                                        ),
                                        span: 11577..11585,
                                    },
                                    op: Lte,
                                    rhs: Spanned {
                                        node: Ident(
                                            "EXTRA_BUFFER_CAP",
                                        ),
                                        span: 11588..11605,
                                    },
                                },
                                span: 11577..11605,
                            },
                            effect_variables: [],
                        },
                        Clause {
                            kind: Ensures,
                            body: Spanned {
                                node: BinOp {
                                    lhs: Spanned {
                                        node: Ident(
                                            "raw_xlen",
                                        ),
                                        span: 11619..11627,
                                    },
                                    op: Lte,
                                    rhs: Spanned {
                                        node: Literal(
                                            Int(
                                                "65535",
                                            ),
                                        ),
                                        span: 11630..11636,
                                    },
                                },
                                span: 11619..11636,
                            },
                            effect_variables: [],
                        },
                        Clause {
                            kind: Effects,
                            body: Spanned {
                                node: Ident(
                                    "pure",
                                ),
                                span: 11638..11652,
                            },
                            effect_variables: [],
                        },
                    ],
                },
            ),
            span: 11437..11652,
        },
    ],
}
