---
source: crates/assura-parser/tests/snapshots.rs
assertion_line: 132
expression: "&ast"
---
Some(
    SourceFile {
        project: None,
        module: None,
        imports: [],
        decls: [
            Spanned {
                node: Contract(
                    ContractDecl {
                        name: "HasBadTokens",
                        type_params: [],
                        clauses: [],
                        fn_params: [],
                    },
                ),
                span: 0..183,
            },
        ],
    },
)
