---
source: crates/assura-parser/tests/snapshots.rs
expression: "&error_messages"
---
[
    "found \"LBrace\" but expected one of \"Equals\", \"Errors\", \"Colon\", \"Axiom\", end of input, \"MustBe\", \"Type\", \"Contract\", \"MustNot\", \"Bounds\", \"Requires\", \"Ensures\", \"Pure\", \"Define\", \"Service\", \"Invariant\", \"Modifies\", \"Fn\", \"Rule\", \"Extern\", \"DataFlow\", \"VerifyAgainst\", \"ConstantTime\", \"Spec\", \"Input\", \"Output\", \"Opaque\", \"Enum\", \"Property\", \"Hash\", \"Decreases\", \"Reads\", \"Ghost\", \"Effects\", \"LAngle\", \"Lemma\"",
]
