---
source: crates/assura-parser/tests/snapshots.rs
expression: ast
---
SourceFile {
    project: Some(
        ProjectDecl {
            name: "mbedtls_contracts",
            profile: [
                "core",
                "mem",
                "sec",
                "num",
                "plat",
            ],
        },
    ),
    module: Some(
        ModuleDecl {
            path: [
                "tls",
                "ecdh",
            ],
        },
    ),
    imports: [],
    decls: [
        Spanned {
            node: Block {
                kind: Feature,
                name: "ecdsa",
                value: Some(
                    [
                        "=",
                        "enabled",
                    ],
                ),
                body: [
                    Clause {
                        kind: Other(
                            "feature",
                        ),
                        body: Spanned {
                            node: Raw(
                                [
                                    "x509",
                                    "=",
                                    "enabled",
                                ],
                            ),
                            span: 1984..2007,
                        },
                        effect_variables: [],
                    },
                    Clause {
                        kind: Requires,
                        body: Spanned {
                            node: Ident(
                                "ecdsa",
                            ),
                            span: 2019..2025,
                        },
                        effect_variables: [],
                    },
                    Clause {
                        kind: Other(
                            "feature",
                        ),
                        body: Spanned {
                            node: Raw(
                                [
                                    "ecdh",
                                    "=",
                                    "enabled",
                                ],
                            ),
                            span: 2025..2180,
                        },
                        effect_variables: [],
                    },
                    Clause {
                        kind: Other(
                            "feature",
                        ),
                        body: Spanned {
                            node: Raw(
                                [
                                    "rsa",
                                    "=",
                                    "enabled",
                                ],
                            ),
                            span: 2180..2202,
                        },
                        effect_variables: [],
                    },
                ],
            },
            span: 1517..2202,
        },
        Spanned {
            node: Block {
                kind: FeatureMax,
                name: "MAX_CONTENT_LEN",
                value: Some(
                    [
                        ":",
                        "Nat",
                        "=",
                        "16384",
                    ],
                ),
                body: [],
            },
            span: 2202..2302,
        },
        Spanned {
            node: Block {
                kind: FeatureMax,
                name: "MAX_HANDSHAKE_LEN",
                value: Some(
                    [
                        ":",
                        "Nat",
                        "=",
                        "65535",
                    ],
                ),
                body: [],
            },
            span: 2302..2345,
        },
        Spanned {
            node: Block {
                kind: FeatureMax,
                name: "MAX_EC_POINT_SIZE",
                value: Some(
                    [
                        ":",
                        "Nat",
                        "=",
                        "256",
                    ],
                ),
                body: [],
            },
            span: 2345..2677,
        },
        Spanned {
            node: FnDef(
                FnDef {
                    name: "read_from_wire",
                    is_ghost: false,
                    is_lemma: false,
                    params: [
                        Param {
                            name: "conn",
                            ty: Some(
                                Named(
                                    "&mut TlsConnection",
                                ),
                            ),
                        },
                        Param {
                            name: "max",
                            ty: Some(
                                Named(
                                    "Nat",
                                ),
                            ),
                        },
                    ],
                    return_ty: Some(
                        Named(
                            "Bytes",
                        ),
                    ),
                    clauses: [
                        Clause {
                            kind: Effects,
                            body: Spanned {
                                node: Raw(
                                    [
                                        "io",
                                        ".",
                                        "read",
                                    ],
                                ),
                                span: 3304..3323,
                            },
                            effect_variables: [],
                        },
                    ],
                },
            ),
            span: 2677..3323,
        },
        Spanned {
            node: FnDef(
                FnDef {
                    name: "read_u16_from_wire",
                    is_ghost: false,
                    is_lemma: false,
                    params: [
                        Param {
                            name: "conn",
                            ty: Some(
                                Named(
                                    "&mut TlsConnection",
                                ),
                            ),
                        },
                    ],
                    return_ty: Some(
                        Named(
                            "U16",
                        ),
                    ),
                    clauses: [
                        Clause {
                            kind: Effects,
                            body: Spanned {
                                node: Raw(
                                    [
                                        "io",
                                        ".",
                                        "read",
                                    ],
                                ),
                                span: 3396..3415,
                            },
                            effect_variables: [],
                        },
                    ],
                },
            ),
            span: 3323..3415,
        },
        Spanned {
            node: FnDef(
                FnDef {
                    name: "read_u24_from_wire",
                    is_ghost: false,
                    is_lemma: false,
                    params: [
                        Param {
                            name: "conn",
                            ty: Some(
                                Named(
                                    "&mut TlsConnection",
                                ),
                            ),
                        },
                    ],
                    return_ty: Some(
                        Named(
                            "U32",
                        ),
                    ),
                    clauses: [
                        Clause {
                            kind: Effects,
                            body: Spanned {
                                node: Raw(
                                    [
                                        "io",
                                        ".",
                                        "read",
                                    ],
                                ),
                                span: 3488..3507,
                            },
                            effect_variables: [],
                        },
                    ],
                },
            ),
            span: 3415..3507,
        },
        Spanned {
            node: TypeDef(
                TypeDef {
                    name: "ValidPeerKey",
                    type_params: [],
                    body: Struct(
                        [
                            FieldDef {
                                name: "data",
                                ty: Some(
                                    Named(
                                        "Bytes",
                                    ),
                                ),
                                is_pub: false,
                            },
                            FieldDef {
                                name: "length",
                                ty: Some(
                                    Refined {
                                        base: Named(
                                            "Nat",
                                        ),
                                        predicate: "v <= MAX_EC_POINT_SIZE",
                                    },
                                ),
                                is_pub: false,
                            },
                            FieldDef {
                                name: "curve_id",
                                ty: Some(
                                    Named(
                                        "CurveId",
                                    ),
                                ),
                                is_pub: false,
                            },
                        ],
                    ),
                },
            ),
            span: 3507..3696,
        },
        Spanned {
            node: FnDef(
                FnDef {
                    name: "validate_peer_key",
                    is_ghost: false,
                    is_lemma: false,
                    params: [
                        Param {
                            name: "raw_data",
                            ty: Some(
                                Named(
                                    "Bytes",
                                ),
                            ),
                        },
                        Param {
                            name: "raw_length",
                            ty: Some(
                                Named(
                                    "U16",
                                ),
                            ),
                        },
                        Param {
                            name: "expected_curve",
                            ty: Some(
                                Named(
                                    "CurveId",
                                ),
                            ),
                        },
                    ],
                    return_ty: Some(
                        Named(
                            "ValidPeerKey",
                        ),
                    ),
                    clauses: [
                        Clause {
                            kind: Effects,
                            body: Spanned {
                                node: Ident(
                                    "pure",
                                ),
                                span: 3875..3891,
                            },
                            effect_variables: [],
                        },
                    ],
                },
            ),
            span: 3696..4613,
        },
        Spanned {
            node: TypeDef(
                TypeDef {
                    name: "EcdhContext",
                    type_params: [],
                    body: Struct(
                        [
                            FieldDef {
                                name: "peer_point",
                                ty: Some(
                                    Generic(
                                        "Region",
                                        [
                                            Named(
                                                "MAX_EC_POINT_SIZE",
                                            ),
                                        ],
                                    ),
                                ),
                                is_pub: false,
                            },
                            FieldDef {
                                name: "our_keypair",
                                ty: Some(
                                    Named(
                                        "EcKeyPair",
                                    ),
                                ),
                                is_pub: false,
                            },
                            FieldDef {
                                name: "shared_secret",
                                ty: Some(
                                    Generic(
                                        "Region",
                                        [
                                            Named(
                                                "MAX_EC_POINT_SIZE",
                                            ),
                                        ],
                                    ),
                                ),
                                is_pub: false,
                            },
                            FieldDef {
                                name: "curve",
                                ty: Some(
                                    Named(
                                        "CurveId",
                                    ),
                                ),
                                is_pub: false,
                            },
                        ],
                    ),
                },
            ),
            span: 4613..5289,
        },
        Spanned {
            node: FnDef(
                FnDef {
                    name: "parse_x509_length",
                    is_ghost: false,
                    is_lemma: false,
                    params: [
                        Param {
                            name: "raw_len",
                            ty: Some(
                                Named(
                                    "U32",
                                ),
                            ),
                        },
                    ],
                    return_ty: Some(
                        Refined {
                            base: Named(
                                "Nat",
                            ),
                            predicate: "v <= MAX_HANDSHAKE_LEN",
                        },
                    ),
                    clauses: [
                        Clause {
                            kind: Effects,
                            body: Spanned {
                                node: Ident(
                                    "pure",
                                ),
                                span: 5664..5680,
                            },
                            effect_variables: [],
                        },
                    ],
                },
            ),
            span: 5289..5900,
        },
        Spanned {
            node: FnDef(
                FnDef {
                    name: "safe_alloc_size",
                    is_ghost: false,
                    is_lemma: false,
                    params: [
                        Param {
                            name: "header_len",
                            ty: Some(
                                Refined {
                                    base: Named(
                                        "Nat",
                                    ),
                                    predicate: "h <= MAX_HANDSHAKE_LEN",
                                },
                            ),
                        },
                        Param {
                            name: "content_len",
                            ty: Some(
                                Refined {
                                    base: Named(
                                        "Nat",
                                    ),
                                    predicate: "c <= MAX_HANDSHAKE_LEN",
                                },
                            ),
                        },
                    ],
                    return_ty: Some(
                        Refined {
                            base: Named(
                                "Nat",
                            ),
                            predicate: "v <= 2 * MAX_HANDSHAKE_LEN",
                        },
                    ),
                    clauses: [
                        Clause {
                            kind: Requires,
                            body: Spanned {
                                node: BinOp {
                                    lhs: Spanned {
                                        node: BinOp {
                                            lhs: Spanned {
                                                node: Ident(
                                                    "header_len",
                                                ),
                                                span: 6146..6156,
                                            },
                                            op: Add,
                                            rhs: Spanned {
                                                node: Ident(
                                                    "content_len",
                                                ),
                                                span: 6158..6170,
                                            },
                                        },
                                        span: 6146..6170,
                                    },
                                    op: Lte,
                                    rhs: Spanned {
                                        node: BinOp {
                                            lhs: Spanned {
                                                node: Literal(
                                                    Int(
                                                        "2",
                                                    ),
                                                ),
                                                span: 6173..6175,
                                            },
                                            op: Mul,
                                            rhs: Spanned {
                                                node: Ident(
                                                    "MAX_HANDSHAKE_LEN",
                                                ),
                                                span: 6177..6195,
                                            },
                                        },
                                        span: 6173..6195,
                                    },
                                },
                                span: 6146..6195,
                            },
                            effect_variables: [],
                        },
                        Clause {
                            kind: Effects,
                            body: Spanned {
                                node: Ident(
                                    "pure",
                                ),
                                span: 6199..6215,
                            },
                            effect_variables: [],
                        },
                    ],
                },
            ),
            span: 5900..6312,
        },
        Spanned {
            node: Contract(
                ContractDecl {
                    name: "EcdhParseContract",
                    type_params: [],
                    clauses: [],
                    fn_params: [
                        Param {
                            name: "ctx",
                            ty: Some(
                                Named(
                                    "&mut EcdhContext",
                                ),
                            ),
                        },
                        Param {
                            name: "peer",
                            ty: Some(
                                Named(
                                    "ValidPeerKey",
                                ),
                            ),
                        },
                    ],
                },
            ),
            span: 6312..7399,
        },
        Spanned {
            node: FnDef(
                FnDef {
                    name: "ecdh_compute_shared",
                    is_ghost: false,
                    is_lemma: false,
                    params: [
                        Param {
                            name: "our_private",
                            ty: Some(
                                Named(
                                    "U256 # [ secret ]",
                                ),
                            ),
                        },
                        Param {
                            name: "peer_public",
                            ty: Some(
                                Named(
                                    "ValidPeerKey",
                                ),
                            ),
                        },
                    ],
                    return_ty: Some(
                        Generic(
                            "Region",
                            [
                                Named(
                                    "MAX_EC_POINT_SIZE",
                                ),
                            ],
                        ),
                    ),
                    clauses: [
                        Clause {
                            kind: Requires,
                            body: Spanned {
                                node: BinOp {
                                    lhs: Spanned {
                                        node: Field(
                                            Spanned {
                                                node: Ident(
                                                    "peer_public",
                                                ),
                                                span: 7802..7813,
                                            },
                                            "curve_id",
                                        ),
                                        span: 7802..7822,
                                    },
                                    op: Eq,
                                    rhs: Spanned {
                                        node: Ident(
                                            "our_curve",
                                        ),
                                        span: 7825..7835,
                                    },
                                },
                                span: 7802..7835,
                            },
                            effect_variables: [],
                        },
                        Clause {
                            kind: Effects,
                            body: Spanned {
                                node: Ident(
                                    "pure",
                                ),
                                span: 7837..7853,
                            },
                            effect_variables: [],
                        },
                    ],
                },
            ),
            span: 7399..8221,
        },
        Spanned {
            node: Block {
                kind: Other(
                    "spec",
                ),
                name: "NIST_SP_800_56A_ECDH",
                value: None,
                body: [],
            },
            span: 8221..8951,
        },
        Spanned {
            node: FnDef(
                FnDef {
                    name: "ecdh_derive_secret",
                    is_ghost: false,
                    is_lemma: false,
                    params: [
                        Param {
                            name: "private_key",
                            ty: Some(
                                Named(
                                    "U256 # [ secret ]",
                                ),
                            ),
                        },
                        Param {
                            name: "peer_point",
                            ty: Some(
                                Named(
                                    "ValidPeerKey",
                                ),
                            ),
                        },
                        Param {
                            name: "curve",
                            ty: Some(
                                Named(
                                    "CurveParams",
                                ),
                            ),
                        },
                    ],
                    return_ty: Some(
                        Named(
                            "SharedSecret",
                        ),
                    ),
                    clauses: [
                        Clause {
                            kind: Requires,
                            body: Spanned {
                                node: BinOp {
                                    lhs: Spanned {
                                        node: Field(
                                            Spanned {
                                                node: Ident(
                                                    "curve",
                                                ),
                                                span: 9150..9155,
                                            },
                                            "order",
                                        ),
                                        span: 9150..9161,
                                    },
                                    op: Gt,
                                    rhs: Spanned {
                                        node: Literal(
                                            Int(
                                                "1",
                                            ),
                                        ),
                                        span: 9163..9165,
                                    },
                                },
                                span: 9150..9165,
                            },
                            effect_variables: [],
                        },
                        Clause {
                            kind: Ensures,
                            body: Spanned {
                                node: BinOp {
                                    lhs: Spanned {
                                        node: Field(
                                            Spanned {
                                                node: Ident(
                                                    "curve",
                                                ),
                                                span: 9368..9373,
                                            },
                                            "order",
                                        ),
                                        span: 9368..9379,
                                    },
                                    op: Gt,
                                    rhs: Spanned {
                                        node: Literal(
                                            Int(
                                                "1",
                                            ),
                                        ),
                                        span: 9381..9383,
                                    },
                                },
                                span: 9368..9383,
                            },
                            effect_variables: [],
                        },
                        Clause {
                            kind: Effects,
                            body: Spanned {
                                node: Ident(
                                    "pure",
                                ),
                                span: 9387..9403,
                            },
                            effect_variables: [],
                        },
                    ],
                },
            ),
            span: 8951..9403,
        },
        Spanned {
            node: FnDef(
                FnDef {
                    name: "process_incoming_record",
                    is_ghost: false,
                    is_lemma: false,
                    params: [
                        Param {
                            name: "conn",
                            ty: Some(
                                Named(
                                    "&mut TlsConnection",
                                ),
                            ),
                        },
                        Param {
                            name: "record_buf",
                            ty: Some(
                                Generic(
                                    "Region",
                                    [
                                        Named(
                                            "MAX_CONTENT_LEN",
                                        ),
                                    ],
                                ),
                            ),
                        },
                    ],
                    return_ty: Some(
                        Named(
                            "RecordResult",
                        ),
                    ),
                    clauses: [
                        Clause {
                            kind: Modifies,
                            body: Spanned {
                                node: Ident(
                                    "record_buf",
                                ),
                                span: 9981..10007,
                            },
                            effect_variables: [],
                        },
                        Clause {
                            kind: Effects,
                            body: Spanned {
                                node: Raw(
                                    [
                                        "io",
                                        ".",
                                        "read",
                                    ],
                                ),
                                span: 10007..10026,
                            },
                            effect_variables: [],
                        },
                    ],
                },
            ),
            span: 9403..10582,
        },
    ],
}
