---
source: crates/assura-parser/tests/snapshots.rs
expression: ast
---
SourceFile {
    project: Some(
        ProjectDecl {
            name: "libwebp_vp8l",
            profile: [
                "core",
                "mem",
                "sec",
                "num",
            ],
        },
    ),
    module: Some(
        ModuleDecl {
            path: [
                "vp8l",
                "huffman",
            ],
        },
    ),
    imports: [],
    decls: [
        Spanned {
            node: Block {
                kind: FeatureMax,
                name: "MAX_ALPHABET_SIZE",
                value: Some(
                    [
                        ":",
                        "Nat",
                        "=",
                        "280",
                    ],
                ),
                body: [],
            },
            span: 963..1275,
        },
        Spanned {
            node: Block {
                kind: FeatureMax,
                name: "MAX_CODE_LENGTH",
                value: Some(
                    [
                        ":",
                        "Nat",
                        "=",
                        "15",
                    ],
                ),
                body: [],
            },
            span: 1275..1313,
        },
        Spanned {
            node: Block {
                kind: FeatureMax,
                name: "ROOT_BITS",
                value: Some(
                    [
                        ":",
                        "Nat",
                        "=",
                        "8",
                    ],
                ),
                body: [],
            },
            span: 1313..1411,
        },
        Spanned {
            node: FnDef(
                FnDef {
                    name: "max_secondary_table_entries",
                    is_ghost: false,
                    is_lemma: false,
                    params: [
                        Param {
                            name: "alphabet_size",
                            ty: Some(
                                Named(
                                    "Nat",
                                ),
                            ),
                        },
                        Param {
                            name: "root_bits",
                            ty: Some(
                                Named(
                                    "Nat",
                                ),
                            ),
                        },
                        Param {
                            name: "code_lengths",
                            ty: Some(
                                Generic(
                                    "Sequence",
                                    [
                                        Named(
                                            "Nat",
                                        ),
                                    ],
                                ),
                            ),
                        },
                    ],
                    return_ty: Some(
                        Named(
                            "Nat",
                        ),
                    ),
                    clauses: [],
                },
            ),
            span: 1411..2895,
        },
        Spanned {
            node: FnDef(
                FnDef {
                    name: "worst_case_table_size",
                    is_ghost: false,
                    is_lemma: false,
                    params: [
                        Param {
                            name: "alphabet_size",
                            ty: Some(
                                Named(
                                    "U16",
                                ),
                            ),
                        },
                    ],
                    return_ty: Some(
                        Named(
                            "U32",
                        ),
                    ),
                    clauses: [
                        Clause {
                            kind: Requires,
                            body: Spanned {
                                node: BinOp {
                                    lhs: Spanned {
                                        node: Ident(
                                            "alphabet_size",
                                        ),
                                        span: 3476..3489,
                                    },
                                    op: Lte,
                                    rhs: Spanned {
                                        node: Ident(
                                            "MAX_ALPHABET_SIZE",
                                        ),
                                        span: 3492..3510,
                                    },
                                },
                                span: 3476..3510,
                            },
                            effect_variables: [],
                        },
                        Clause {
                            kind: Other(
                                "must_be",
                            ),
                            body: Spanned {
                                node: Raw(
                                    [],
                                ),
                                span: 3512..3520,
                            },
                            effect_variables: [],
                        },
                        Clause {
                            kind: Other(
                                "deterministic",
                            ),
                            body: Spanned {
                                node: Raw(
                                    [
                                        "let",
                                        "primary",
                                        "=",
                                        "pow",
                                        "(",
                                        "2",
                                        ",",
                                        "ROOT_BITS",
                                        ")",
                                        "as",
                                        "U32",
                                        "let",
                                        "max_secondary",
                                        "=",
                                        "max_over_valid_codes",
                                        "(",
                                        "alphabet_size",
                                        ",",
                                        "ROOT_BITS",
                                        ")",
                                        "primary",
                                        "+",
                                        "max_secondary",
                                    ],
                                ),
                                span: 3520..3943,
                            },
                            effect_variables: [],
                        },
                    ],
                },
            ),
            span: 2895..3943,
        },
        Spanned {
            node: Block {
                kind: Table,
                name: "K_TABLE_SIZE",
                value: Some(
                    [
                        ":",
                        "[",
                        "U32",
                        ";",
                        "MAX_ALPHABET_SIZE",
                        "+",
                        "1",
                        "]",
                        "=",
                        "precompute",
                        "(",
                        "for",
                        "i",
                        "in",
                        "0",
                        "..",
                        "MAX_ALPHABET_SIZE",
                        "+",
                        "1",
                        "=>",
                        "worst_case_table_size",
                        "(",
                        "i",
                        "as",
                        "U16",
                        ")",
                        ")",
                    ],
                ),
                body: [
                    Clause {
                        kind: Other(
                            "verify_against",
                        ),
                        body: Spanned {
                            node: Ident(
                                "worst_case_table_size",
                            ),
                            span: 4078..4116,
                        },
                        effect_variables: [],
                    },
                ],
            },
            span: 3943..4116,
        },
        Spanned {
            node: FnDef(
                FnDef {
                    name: "vp8l_read_bits",
                    is_ghost: false,
                    is_lemma: false,
                    params: [
                        Param {
                            name: "br",
                            ty: Some(
                                Named(
                                    "&mut BitReader",
                                ),
                            ),
                        },
                        Param {
                            name: "n_bits",
                            ty: Some(
                                Refined {
                                    base: Named(
                                        "Nat",
                                    ),
                                    predicate: "b <= 24",
                                },
                            ),
                        },
                    ],
                    return_ty: Some(
                        Named(
                            "U32",
                        ),
                    ),
                    clauses: [
                        Clause {
                            kind: Effects,
                            body: Spanned {
                                node: Raw(
                                    [
                                        "io",
                                        ".",
                                        "read",
                                    ],
                                ),
                                span: 4852..4869,
                            },
                            effect_variables: [],
                        },
                    ],
                },
            ),
            span: 4116..4869,
        },
        Spanned {
            node: FnDef(
                FnDef {
                    name: "read_huffman_code_lengths",
                    is_ghost: false,
                    is_lemma: false,
                    params: [
                        Param {
                            name: "br",
                            ty: Some(
                                Named(
                                    "&mut BitReader",
                                ),
                            ),
                        },
                        Param {
                            name: "alphabet_size",
                            ty: Some(
                                Refined {
                                    base: Named(
                                        "Nat",
                                    ),
                                    predicate: "a <= MAX_ALPHABET_SIZE",
                                },
                            ),
                        },
                    ],
                    return_ty: Some(
                        Generic(
                            "List",
                            [
                                Named(
                                    "U16",
                                ),
                            ],
                        ),
                    ),
                    clauses: [
                        Clause {
                            kind: Effects,
                            body: Spanned {
                                node: Raw(
                                    [
                                        "io",
                                        ".",
                                        "read",
                                    ],
                                ),
                                span: 5056..5073,
                            },
                            effect_variables: [],
                        },
                    ],
                },
            ),
            span: 4869..5389,
        },
        Spanned {
            node: FnDef(
                FnDef {
                    name: "validate_code_lengths",
                    is_ghost: false,
                    is_lemma: false,
                    params: [
                        Param {
                            name: "raw_lengths",
                            ty: Some(
                                Generic(
                                    "List",
                                    [
                                        Named(
                                            "U16",
                                        ),
                                    ],
                                ),
                            ),
                        },
                        Param {
                            name: "alphabet_size",
                            ty: Some(
                                Refined {
                                    base: Named(
                                        "Nat",
                                    ),
                                    predicate: "a <= MAX_ALPHABET_SIZE",
                                },
                            ),
                        },
                    ],
                    return_ty: Some(
                        Named(
                            "ValidCodeLengths",
                        ),
                    ),
                    clauses: [
                        Clause {
                            kind: Effects,
                            body: Spanned {
                                node: Ident(
                                    "pure",
                                ),
                                span: 5874..5888,
                            },
                            effect_variables: [],
                        },
                    ],
                },
            ),
            span: 5389..6780,
        },
        Spanned {
            node: Contract(
                ContractDecl {
                    name: "BuildHuffmanTableContract",
                    type_params: [],
                    clauses: [
                        Clause {
                            kind: Output,
                            body: Spanned {
                                node: Raw(
                                    [
                                        "result",
                                        ":",
                                        "{",
                                        "written",
                                        ":",
                                        "Nat",
                                        "|",
                                        "written",
                                        "<=",
                                        "TableSize",
                                        "}",
                                    ],
                                ),
                                span: 0..0,
                            },
                            effect_variables: [],
                        },
                    ],
                    fn_params: [
                        Param {
                            name: "table",
                            ty: Some(
                                Named(
                                    "HuffmanTableBuffer",
                                ),
                            ),
                        },
                        Param {
                            name: "root_bits",
                            ty: Some(
                                Refined {
                                    base: Named(
                                        "Nat",
                                    ),
                                    predicate: "r <= MAX_CODE_LENGTH",
                                },
                            ),
                        },
                        Param {
                            name: "code_lengths",
                            ty: Some(
                                Named(
                                    "ValidCodeLengths",
                                ),
                            ),
                        },
                    ],
                },
            ),
            span: 6780..9039,
        },
        Spanned {
            node: FnDef(
                FnDef {
                    name: "check_alphabet_bounds",
                    is_ghost: false,
                    is_lemma: false,
                    params: [
                        Param {
                            name: "size",
                            ty: Some(
                                Named(
                                    "Nat",
                                ),
                            ),
                        },
                        Param {
                            name: "max_len",
                            ty: Some(
                                Named(
                                    "Nat",
                                ),
                            ),
                        },
                    ],
                    return_ty: Some(
                        Unit,
                    ),
                    clauses: [
                        Clause {
                            kind: Requires,
                            body: Spanned {
                                node: BinOp {
                                    lhs: Spanned {
                                        node: Ident(
                                            "size",
                                        ),
                                        span: 9635..9639,
                                    },
                                    op: Lte,
                                    rhs: Spanned {
                                        node: Ident(
                                            "MAX_ALPHABET_SIZE",
                                        ),
                                        span: 9642..9660,
                                    },
                                },
                                span: 9635..9660,
                            },
                            effect_variables: [],
                        },
                        Clause {
                            kind: Requires,
                            body: Spanned {
                                node: BinOp {
                                    lhs: Spanned {
                                        node: Ident(
                                            "max_len",
                                        ),
                                        span: 9674..9681,
                                    },
                                    op: Lte,
                                    rhs: Spanned {
                                        node: Ident(
                                            "MAX_CODE_LENGTH",
                                        ),
                                        span: 9684..9700,
                                    },
                                },
                                span: 9674..9700,
                            },
                            effect_variables: [],
                        },
                        Clause {
                            kind: Ensures,
                            body: Spanned {
                                node: BinOp {
                                    lhs: Spanned {
                                        node: BinOp {
                                            lhs: Spanned {
                                                node: Ident(
                                                    "size",
                                                ),
                                                span: 9714..9718,
                                            },
                                            op: Add,
                                            rhs: Spanned {
                                                node: Ident(
                                                    "max_len",
                                                ),
                                                span: 9720..9728,
                                            },
                                        },
                                        span: 9714..9728,
                                    },
                                    op: Lte,
                                    rhs: Spanned {
                                        node: BinOp {
                                            lhs: Spanned {
                                                node: Ident(
                                                    "MAX_ALPHABET_SIZE",
                                                ),
                                                span: 9731..9749,
                                            },
                                            op: Add,
                                            rhs: Spanned {
                                                node: Ident(
                                                    "MAX_CODE_LENGTH",
                                                ),
                                                span: 9751..9767,
                                            },
                                        },
                                        span: 9731..9767,
                                    },
                                },
                                span: 9714..9767,
                            },
                            effect_variables: [],
                        },
                        Clause {
                            kind: Ensures,
                            body: Spanned {
                                node: BinOp {
                                    lhs: Spanned {
                                        node: Ident(
                                            "size",
                                        ),
                                        span: 9781..9785,
                                    },
                                    op: Lte,
                                    rhs: Spanned {
                                        node: Ident(
                                            "MAX_ALPHABET_SIZE",
                                        ),
                                        span: 9788..9806,
                                    },
                                },
                                span: 9781..9806,
                            },
                            effect_variables: [],
                        },
                        Clause {
                            kind: Ensures,
                            body: Spanned {
                                node: BinOp {
                                    lhs: Spanned {
                                        node: Ident(
                                            "max_len",
                                        ),
                                        span: 9820..9827,
                                    },
                                    op: Lte,
                                    rhs: Spanned {
                                        node: Ident(
                                            "MAX_CODE_LENGTH",
                                        ),
                                        span: 9830..9846,
                                    },
                                },
                                span: 9820..9846,
                            },
                            effect_variables: [],
                        },
                        Clause {
                            kind: Effects,
                            body: Spanned {
                                node: Ident(
                                    "pure",
                                ),
                                span: 9848..9862,
                            },
                            effect_variables: [],
                        },
                    ],
                },
            ),
            span: 9039..9862,
        },
        Spanned {
            node: FnDef(
                FnDef {
                    name: "check_table_bounds",
                    is_ghost: false,
                    is_lemma: false,
                    params: [
                        Param {
                            name: "root_bits",
                            ty: Some(
                                Named(
                                    "Nat",
                                ),
                            ),
                        },
                        Param {
                            name: "alphabet_size",
                            ty: Some(
                                Named(
                                    "Nat",
                                ),
                            ),
                        },
                        Param {
                            name: "table_size",
                            ty: Some(
                                Named(
                                    "Nat",
                                ),
                            ),
                        },
                    ],
                    return_ty: Some(
                        Unit,
                    ),
                    clauses: [
                        Clause {
                            kind: Requires,
                            body: Spanned {
                                node: BinOp {
                                    lhs: Spanned {
                                        node: Ident(
                                            "root_bits",
                                        ),
                                        span: 10025..10034,
                                    },
                                    op: Lte,
                                    rhs: Spanned {
                                        node: Ident(
                                            "MAX_CODE_LENGTH",
                                        ),
                                        span: 10037..10053,
                                    },
                                },
                                span: 10025..10053,
                            },
                            effect_variables: [],
                        },
                        Clause {
                            kind: Requires,
                            body: Spanned {
                                node: BinOp {
                                    lhs: Spanned {
                                        node: Ident(
                                            "alphabet_size",
                                        ),
                                        span: 10067..10080,
                                    },
                                    op: Lte,
                                    rhs: Spanned {
                                        node: Ident(
                                            "MAX_ALPHABET_SIZE",
                                        ),
                                        span: 10083..10101,
                                    },
                                },
                                span: 10067..10101,
                            },
                            effect_variables: [],
                        },
                        Clause {
                            kind: Requires,
                            body: Spanned {
                                node: BinOp {
                                    lhs: Spanned {
                                        node: Ident(
                                            "table_size",
                                        ),
                                        span: 10115..10125,
                                    },
                                    op: Gte,
                                    rhs: Spanned {
                                        node: BinOp {
                                            lhs: Spanned {
                                                node: Ident(
                                                    "alphabet_size",
                                                ),
                                                span: 10128..10142,
                                            },
                                            op: Add,
                                            rhs: Spanned {
                                                node: Ident(
                                                    "root_bits",
                                                ),
                                                span: 10144..10154,
                                            },
                                        },
                                        span: 10128..10154,
                                    },
                                },
                                span: 10115..10154,
                            },
                            effect_variables: [],
                        },
                        Clause {
                            kind: Ensures,
                            body: Spanned {
                                node: BinOp {
                                    lhs: Spanned {
                                        node: Ident(
                                            "table_size",
                                        ),
                                        span: 10168..10178,
                                    },
                                    op: Gte,
                                    rhs: Spanned {
                                        node: Ident(
                                            "root_bits",
                                        ),
                                        span: 10181..10191,
                                    },
                                },
                                span: 10168..10191,
                            },
                            effect_variables: [],
                        },
                        Clause {
                            kind: Ensures,
                            body: Spanned {
                                node: BinOp {
                                    lhs: Spanned {
                                        node: Ident(
                                            "table_size",
                                        ),
                                        span: 10205..10215,
                                    },
                                    op: Gte,
                                    rhs: Spanned {
                                        node: Ident(
                                            "alphabet_size",
                                        ),
                                        span: 10218..10232,
                                    },
                                },
                                span: 10205..10232,
                            },
                            effect_variables: [],
                        },
                        Clause {
                            kind: Effects,
                            body: Spanned {
                                node: Ident(
                                    "pure",
                                ),
                                span: 10234..10248,
                            },
                            effect_variables: [],
                        },
                    ],
                },
            ),
            span: 9862..10248,
        },
        Spanned {
            node: FnDef(
                FnDef {
                    name: "check_code_length_bounds",
                    is_ghost: false,
                    is_lemma: false,
                    params: [
                        Param {
                            name: "code_len",
                            ty: Some(
                                Named(
                                    "Nat",
                                ),
                            ),
                        },
                        Param {
                            name: "max_code_len",
                            ty: Some(
                                Named(
                                    "Nat",
                                ),
                            ),
                        },
                        Param {
                            name: "root_bits",
                            ty: Some(
                                Named(
                                    "Nat",
                                ),
                            ),
                        },
                    ],
                    return_ty: Some(
                        Unit,
                    ),
                    clauses: [
                        Clause {
                            kind: Requires,
                            body: Spanned {
                                node: BinOp {
                                    lhs: Spanned {
                                        node: Ident(
                                            "code_len",
                                        ),
                                        span: 10403..10411,
                                    },
                                    op: Lte,
                                    rhs: Spanned {
                                        node: Ident(
                                            "max_code_len",
                                        ),
                                        span: 10414..10427,
                                    },
                                },
                                span: 10403..10427,
                            },
                            effect_variables: [],
                        },
                        Clause {
                            kind: Requires,
                            body: Spanned {
                                node: BinOp {
                                    lhs: Spanned {
                                        node: Ident(
                                            "max_code_len",
                                        ),
                                        span: 10441..10453,
                                    },
                                    op: Lte,
                                    rhs: Spanned {
                                        node: Ident(
                                            "MAX_CODE_LENGTH",
                                        ),
                                        span: 10456..10472,
                                    },
                                },
                                span: 10441..10472,
                            },
                            effect_variables: [],
                        },
                        Clause {
                            kind: Requires,
                            body: Spanned {
                                node: BinOp {
                                    lhs: Spanned {
                                        node: Ident(
                                            "root_bits",
                                        ),
                                        span: 10486..10495,
                                    },
                                    op: Lte,
                                    rhs: Spanned {
                                        node: Ident(
                                            "max_code_len",
                                        ),
                                        span: 10498..10511,
                                    },
                                },
                                span: 10486..10511,
                            },
                            effect_variables: [],
                        },
                        Clause {
                            kind: Ensures,
                            body: Spanned {
                                node: BinOp {
                                    lhs: Spanned {
                                        node: Ident(
                                            "code_len",
                                        ),
                                        span: 10525..10533,
                                    },
                                    op: Lte,
                                    rhs: Spanned {
                                        node: Ident(
                                            "MAX_CODE_LENGTH",
                                        ),
                                        span: 10536..10552,
                                    },
                                },
                                span: 10525..10552,
                            },
                            effect_variables: [],
                        },
                        Clause {
                            kind: Ensures,
                            body: Spanned {
                                node: BinOp {
                                    lhs: Spanned {
                                        node: Ident(
                                            "root_bits",
                                        ),
                                        span: 10566..10575,
                                    },
                                    op: Lte,
                                    rhs: Spanned {
                                        node: Ident(
                                            "MAX_CODE_LENGTH",
                                        ),
                                        span: 10578..10594,
                                    },
                                },
                                span: 10566..10594,
                            },
                            effect_variables: [],
                        },
                        Clause {
                            kind: Effects,
                            body: Spanned {
                                node: Ident(
                                    "pure",
                                ),
                                span: 10596..10610,
                            },
                            effect_variables: [],
                        },
                    ],
                },
            ),
            span: 10248..10610,
        },
        Spanned {
            node: FnDef(
                FnDef {
                    name: "decode_huffman_group",
                    is_ghost: false,
                    is_lemma: false,
                    params: [
                        Param {
                            name: "br",
                            ty: Some(
                                Named(
                                    "&mut BitReader",
                                ),
                            ),
                        },
                        Param {
                            name: "table_buf",
                            ty: Some(
                                Generic(
                                    "Region",
                                    [
                                        Named(
                                            "TOTAL_TABLE_SIZE",
                                        ),
                                    ],
                                ),
                            ),
                        },
                    ],
                    return_ty: Some(
                        Named(
                            "HuffmanGroup | DecodeError",
                        ),
                    ),
                    clauses: [
                        Clause {
                            kind: Effects,
                            body: Spanned {
                                node: Raw(
                                    [
                                        "io",
                                        ".",
                                        "read",
                                    ],
                                ),
                                span: 10999..11016,
                            },
                            effect_variables: [],
                        },
                    ],
                },
            ),
            span: 10610..11572,
        },
    ],
}
